[
  "@generated",
  {
    "key": {
      "file": {
        "key": {
          "file": {
            "key": "glean/lang/typescript/tests/cases/xrefs/example.ts"
          },
          "language": 49
        }
      },
      "range": {
        "key": {
          "range": {
            "lineBegin": 9,
            "columnBegin": 8,
            "lineEnd": 9,
            "columnEnd": 9
          },
          "fullRange": {
            "lineBegin": 9,
            "columnBegin": 8,
            "lineEnd": 9,
            "columnEnd": 9
          },
          "text": { "key": "fs" }
        }
      }
    }
  }
]