[
  "@generated",
  {
    "key": {
      "file": { "key": "glean/lang/typescript/tests/cases/xrefs/example.ts" },
      "name": { "key": "createTempRepo" },
      "ident": { "key": "example:createTempRepo" },
      "entity": {
        "typescript": {
          "defn": {
            "key": {
              "defn": {
                "key": {
                  "file": {
                    "key": {
                      "file": {
                        "key": "glean/lang/typescript/tests/cases/xrefs/example.ts"
                      },
                      "language": 49
                    }
                  },
                  "range": {
                    "key": {
                      "range": {
                        "lineBegin": 46,
                        "columnBegin": 17,
                        "lineEnd": 46,
                        "columnEnd": 30
                      },
                      "fullRange": {
                        "lineBegin": 46,
                        "columnBegin": 1,
                        "lineEnd": 52,
                        "columnEnd": 1
                      },
                      "text": { "key": "createTempRepo" }
                    }
                  }
                }
              },
              "moniker": {
                "key": {
                  "kind": 0,
                  "scheme": { "key": "tsc" },
                  "ident": { "key": "example:createTempRepo" }
                }
              }
            }
          }
        }
      }
    }
  }
]