[
  "@generated",
  { "key": "glean/lang/typescript/tests/cases/xrefs/example.ts" },
  { "key": "global/node_modules/typescript-lsif/lib/lib.es5.d.ts" }
]