[
  "@generated",
  {
    "key": {
      "file": { "key": "test.cpp" },
      "entity": {
        "cxx": {
          "defn": {
            "enum_": {
              "key": {
                "declaration": {
                  "key": {
                    "name": {
                      "key": {
                        "name": { "key": "Y" },
                        "scope": {
                          "namespace_": { "key": { "name": { "key": "N1" } } }
                        }
                      }
                    },
                    "isScoped": true,
                    "source": {
                      "file": { "key": "test.cpp" },
                      "lineBegin": 12,
                      "columnBegin": 1,
                      "lineEnd": 12,
                      "columnEnd": 27
                    }
                  }
                },
                "enumerators": [
                  {
                    "key": {
                      "name": { "key": "Y1" },
                      "enumeration": {
                        "key": {
                          "name": {
                            "key": {
                              "name": { "key": "Y" },
                              "scope": {
                                "namespace_": {
                                  "key": { "name": { "key": "N1" } }
                                }
                              }
                            }
                          },
                          "isScoped": true,
                          "source": {
                            "file": { "key": "test.cpp" },
                            "lineBegin": 12,
                            "columnBegin": 1,
                            "lineEnd": 12,
                            "columnEnd": 27
                          }
                        }
                      },
                      "source": {
                        "file": { "key": "test.cpp" },
                        "lineBegin": 12,
                        "columnBegin": 16,
                        "lineEnd": 12,
                        "columnEnd": 17
                      }
                    }
                  },
                  {
                    "key": {
                      "name": { "key": "Y2" },
                      "enumeration": {
                        "key": {
                          "name": {
                            "key": {
                              "name": { "key": "Y" },
                              "scope": {
                                "namespace_": {
                                  "key": { "name": { "key": "N1" } }
                                }
                              }
                            }
                          },
                          "isScoped": true,
                          "source": {
                            "file": { "key": "test.cpp" },
                            "lineBegin": 12,
                            "columnBegin": 1,
                            "lineEnd": 12,
                            "columnEnd": 27
                          }
                        }
                      },
                      "source": {
                        "file": { "key": "test.cpp" },
                        "lineBegin": 12,
                        "columnBegin": 20,
                        "lineEnd": 12,
                        "columnEnd": 21
                      }
                    }
                  },
                  {
                    "key": {
                      "name": { "key": "Y3" },
                      "enumeration": {
                        "key": {
                          "name": {
                            "key": {
                              "name": { "key": "Y" },
                              "scope": {
                                "namespace_": {
                                  "key": { "name": { "key": "N1" } }
                                }
                              }
                            }
                          },
                          "isScoped": true,
                          "source": {
                            "file": { "key": "test.cpp" },
                            "lineBegin": 12,
                            "columnBegin": 1,
                            "lineEnd": 12,
                            "columnEnd": 27
                          }
                        }
                      },
                      "source": {
                        "file": { "key": "test.cpp" },
                        "lineBegin": 12,
                        "columnBegin": 24,
                        "lineEnd": 12,
                        "columnEnd": 25
                      }
                    }
                  }
                ]
              }
            }
          }
        }
      },
      "kind": 11
    }
  },
  {
    "key": {
      "file": { "key": "test.cpp" },
      "entity": {
        "cxx": {
          "defn": {
            "namespace_": {
              "key": {
                "declaration": {
                  "key": {
                    "name": { "key": { "name": { "key": "N1" } } },
                    "source": {
                      "file": { "key": "test.cpp" },
                      "lineBegin": 9,
                      "columnBegin": 1,
                      "lineEnd": 14,
                      "columnEnd": 1
                    }
                  }
                },
                "members": {
                  "key": [
                    {
                      "enum_": {
                        "key": {
                          "name": {
                            "key": {
                              "name": { "key": "X" },
                              "scope": {
                                "namespace_": {
                                  "key": { "name": { "key": "N1" } }
                                }
                              }
                            }
                          },
                          "isScoped": false,
                          "source": {
                            "file": { "key": "test.cpp" },
                            "lineBegin": 11,
                            "columnBegin": 1,
                            "lineEnd": 11,
                            "columnEnd": 21
                          }
                        }
                      }
                    },
                    {
                      "enum_": {
                        "key": {
                          "name": {
                            "key": {
                              "name": { "key": "Y" },
                              "scope": {
                                "namespace_": {
                                  "key": { "name": { "key": "N1" } }
                                }
                              }
                            }
                          },
                          "isScoped": true,
                          "source": {
                            "file": { "key": "test.cpp" },
                            "lineBegin": 12,
                            "columnBegin": 1,
                            "lineEnd": 12,
                            "columnEnd": 27
                          }
                        }
                      }
                    }
                  ]
                }
              }
            }
          }
        }
      },
      "kind": 5
    }
  },
  {
    "key": {
      "file": { "key": "test.cpp" },
      "entity": {
        "cxx": {
          "enumerator": {
            "key": {
              "name": { "key": "X1" },
              "enumeration": {
                "key": {
                  "name": {
                    "key": {
                      "name": { "key": "X" },
                      "scope": {
                        "namespace_": { "key": { "name": { "key": "N1" } } }
                      }
                    }
                  },
                  "isScoped": false,
                  "source": {
                    "file": { "key": "test.cpp" },
                    "lineBegin": 11,
                    "columnBegin": 1,
                    "lineEnd": 11,
                    "columnEnd": 21
                  }
                }
              },
              "source": {
                "file": { "key": "test.cpp" },
                "lineBegin": 11,
                "columnBegin": 10,
                "lineEnd": 11,
                "columnEnd": 11
              }
            }
          }
        }
      },
      "kind": 23
    }
  },
  {
    "key": {
      "file": { "key": "test.cpp" },
      "entity": {
        "cxx": {
          "enumerator": {
            "key": {
              "name": { "key": "Y1" },
              "enumeration": {
                "key": {
                  "name": {
                    "key": {
                      "name": { "key": "Y" },
                      "scope": {
                        "namespace_": { "key": { "name": { "key": "N1" } } }
                      }
                    }
                  },
                  "isScoped": true,
                  "source": {
                    "file": { "key": "test.cpp" },
                    "lineBegin": 12,
                    "columnBegin": 1,
                    "lineEnd": 12,
                    "columnEnd": 27
                  }
                }
              },
              "source": {
                "file": { "key": "test.cpp" },
                "lineBegin": 12,
                "columnBegin": 16,
                "lineEnd": 12,
                "columnEnd": 17
              }
            }
          }
        }
      },
      "kind": 23
    }
  }
]