[
  "@generated",
  {
    "key": {
      "file": { "key": "test.m" },
      "lineBegin": 9,
      "columnBegin": 1,
      "lineEnd": 13,
      "columnEnd": 4
    }
  },
  {
    "key": {
      "file": { "key": "test.m" },
      "lineBegin": 11,
      "columnBegin": 1,
      "lineEnd": 11,
      "columnEnd": 26
    }
  },
  {
    "key": {
      "file": { "key": "test.m" },
      "lineBegin": 11,
      "columnBegin": 26,
      "lineEnd": 11,
      "columnEnd": 26
    }
  },
  {
    "key": {
      "file": { "key": "test.m" },
      "lineBegin": 15,
      "columnBegin": 1,
      "lineEnd": 25,
      "columnEnd": 1
    }
  },
  {
    "key": {
      "file": { "key": "test.m" },
      "lineBegin": 17,
      "columnBegin": 1,
      "lineEnd": 19,
      "columnEnd": 1
    }
  },
  {
    "key": {
      "file": { "key": "test.m" },
      "lineBegin": 21,
      "columnBegin": 1,
      "lineEnd": 23,
      "columnEnd": 1
    }
  }
]