[
  "@generated",
  {
    "key": {
      "name_lowercase": "a",
      "kind": 6,
      "ident": { "name": { "key": "a" } }
    }
  },
  {
    "key": {
      "name_lowercase": "b",
      "kind": 6,
      "ident": { "name": { "key": "b" } }
    }
  },
  {
    "key": {
      "name_lowercase": "bb",
      "kind": 6,
      "ident": { "name": { "key": "bb" } }
    }
  },
  {
    "key": {
      "name_lowercase": "c",
      "kind": 3,
      "ident": { "name": { "key": "C" } }
    }
  },
  {
    "key": {
      "name_lowercase": "c",
      "kind": 7,
      "ident": { "name": { "key": "c" } }
    }
  },
  {
    "key": {
      "name_lowercase": "f",
      "kind": 6,
      "ident": { "name": { "key": "f" } }
    }
  },
  {
    "key": {
      "name_lowercase": "test",
      "kind": 0,
      "ident": { "name": { "key": "test" } }
    }
  },
  {
    "key": {
      "name_lowercase": "x",
      "kind": 7,
      "ident": { "name": { "key": "x" } }
    }
  },
  {
    "key": {
      "name_lowercase": "y",
      "kind": 7,
      "ident": { "name": { "key": "y" } }
    }
  }
]