[
  "@generated",
  {
    "key": {
      "target": {
        "cxx": {
          "decl": {
            "function_": {
              "key": {
                "name": {
                  "key": {
                    "name": { "key": { "name": { "key": "f1" } } },
                    "scope": {
                      "namespace_": { "key": { "name": { "key": "N1" } } }
                    }
                  }
                },
                "signature": {
                  "key": { "returns": { "key": "int" }, "parameters": [ ] }
                },
                "source": {
                  "file": { "key": "test.cpp" },
                  "lineBegin": 11,
                  "columnBegin": 1,
                  "lineEnd": 11,
                  "columnEnd": 8
                }
              }
            }
          }
        }
      },
      "file": { "key": "test.cpp" },
      "range": { "span": { "start": 332, "length": 2 } }
    }
  },
  {
    "key": {
      "target": {
        "cxx": {
          "decl": {
            "function_": {
              "key": {
                "name": {
                  "key": {
                    "name": { "key": { "name": { "key": "f1" } } },
                    "scope": {
                      "namespace_": { "key": { "name": { "key": "N1" } } }
                    }
                  }
                },
                "signature": {
                  "key": { "returns": { "key": "int" }, "parameters": [ ] }
                },
                "source": {
                  "file": { "key": "test.cpp" },
                  "lineBegin": 11,
                  "columnBegin": 1,
                  "lineEnd": 11,
                  "columnEnd": 8
                }
              }
            }
          }
        }
      },
      "file": { "key": "test.cpp" },
      "range": { "span": { "start": 405, "length": 2 } }
    }
  },
  {
    "key": {
      "target": {
        "cxx": {
          "decl": {
            "namespace_": {
              "key": {
                "name": { "key": { "name": { "key": "N1" } } },
                "source": {
                  "file": { "key": "test.cpp" },
                  "lineBegin": 9,
                  "columnBegin": 1,
                  "lineEnd": 15,
                  "columnEnd": 1
                }
              }
            }
          }
        }
      },
      "file": { "key": "test.cpp" },
      "range": { "span": { "start": 298, "length": 2 } }
    }
  },
  {
    "key": {
      "target": {
        "cxx": {
          "decl": {
            "namespace_": {
              "key": {
                "name": { "key": { "name": { "key": "N2" } } },
                "source": {
                  "file": { "key": "test.cpp" },
                  "lineBegin": 17,
                  "columnBegin": 1,
                  "lineEnd": 21,
                  "columnEnd": 1
                }
              }
            }
          }
        }
      },
      "file": { "key": "test.cpp" },
      "range": { "span": { "start": 328, "length": 2 } }
    }
  },
  {
    "key": {
      "target": {
        "cxx": {
          "decl": {
            "namespace_": {
              "key": {
                "name": { "key": { "name": { "key": "N2" } } },
                "source": {
                  "file": { "key": "test.cpp" },
                  "lineBegin": 17,
                  "columnBegin": 1,
                  "lineEnd": 21,
                  "columnEnd": 1
                }
              }
            }
          }
        }
      },
      "file": { "key": "test.cpp" },
      "range": { "span": { "start": 342, "length": 2 } }
    }
  },
  {
    "key": {
      "target": {
        "cxx": {
          "decl": {
            "namespace_": {
              "key": {
                "name": { "key": { "name": { "key": "N3" } } },
                "source": {
                  "file": { "key": "test.cpp" },
                  "lineBegin": 23,
                  "columnBegin": 1,
                  "lineEnd": 28,
                  "columnEnd": 1
                }
              }
            }
          }
        }
      },
      "file": { "key": "test.cpp" },
      "range": { "span": { "start": 386, "length": 2 } }
    }
  },
  {
    "key": {
      "target": {
        "cxx": {
          "decl": {
            "record_": {
              "key": {
                "name": {
                  "key": {
                    "name": { "key": "T1" },
                    "scope": {
                      "namespace_": { "key": { "name": { "key": "N1" } } }
                    }
                  }
                },
                "kind": { "struct_": { } },
                "source": {
                  "file": { "key": "test.cpp" },
                  "lineBegin": 13,
                  "columnBegin": 1,
                  "lineEnd": 13,
                  "columnEnd": 12
                }
              }
            }
          }
        }
      },
      "file": { "key": "test.cpp" },
      "range": { "span": { "start": 346, "length": 2 } }
    }
  },
  {
    "key": {
      "target": {
        "cxx": {
          "decl": {
            "record_": {
              "key": {
                "name": {
                  "key": {
                    "name": { "key": "T1" },
                    "scope": {
                      "namespace_": { "key": { "name": { "key": "N1" } } }
                    }
                  }
                },
                "kind": { "struct_": { } },
                "source": {
                  "file": { "key": "test.cpp" },
                  "lineBegin": 13,
                  "columnBegin": 1,
                  "lineEnd": 13,
                  "columnEnd": 12
                }
              }
            }
          }
        }
      },
      "file": { "key": "test.cpp" },
      "range": { "span": { "start": 391, "length": 2 } }
    }
  }
]