[
  "@generated",
  {
    "key": {
      "target": {
        "cxx": {
          "decl": {
            "enum_": {
              "key": {
                "name": {
                  "key": {
                    "name": { "key": "E" },
                    "scope": {
                      "namespace_": { "key": { "name": { "key": "N1" } } }
                    }
                  }
                },
                "isScoped": false,
                "source": {
                  "file": { "key": "test.cpp" },
                  "lineBegin": 11,
                  "columnBegin": 1,
                  "lineEnd": 11,
                  "columnEnd": 18
                }
              }
            }
          }
        }
      },
      "file": { "key": "test.cpp" },
      "range": { "span": { "start": 307, "length": 1 } }
    }
  },
  {
    "key": {
      "target": {
        "cxx": {
          "decl": {
            "enum_": {
              "key": {
                "name": {
                  "key": {
                    "name": { "key": "E" },
                    "scope": {
                      "namespace_": { "key": { "name": { "key": "N1" } } }
                    }
                  }
                },
                "isScoped": false,
                "source": {
                  "file": { "key": "test.cpp" },
                  "lineBegin": 11,
                  "columnBegin": 1,
                  "lineEnd": 11,
                  "columnEnd": 18
                }
              }
            }
          }
        }
      },
      "file": { "key": "test.cpp" },
      "range": { "span": { "start": 400, "length": 1 } }
    }
  },
  {
    "key": {
      "target": {
        "cxx": {
          "decl": {
            "enum_": {
              "key": {
                "name": {
                  "key": {
                    "name": { "key": "E" },
                    "scope": {
                      "namespace_": { "key": { "name": { "key": "N1" } } }
                    }
                  }
                },
                "isScoped": false,
                "source": {
                  "file": { "key": "test.cpp" },
                  "lineBegin": 11,
                  "columnBegin": 1,
                  "lineEnd": 11,
                  "columnEnd": 18
                }
              }
            }
          }
        }
      },
      "file": { "key": "test.cpp" },
      "range": { "span": { "start": 526, "length": 1 } }
    }
  },
  {
    "key": {
      "target": {
        "cxx": {
          "decl": {
            "enum_": {
              "key": {
                "name": {
                  "key": {
                    "name": { "key": "E" },
                    "scope": {
                      "namespace_": { "key": { "name": { "key": "N1" } } }
                    }
                  }
                },
                "isScoped": false,
                "source": {
                  "file": { "key": "test.cpp" },
                  "lineBegin": 11,
                  "columnBegin": 1,
                  "lineEnd": 11,
                  "columnEnd": 18
                }
              }
            }
          }
        }
      },
      "file": { "key": "test.cpp" },
      "range": { "span": { "start": 581, "length": 1 } }
    }
  },
  {
    "key": {
      "target": {
        "cxx": {
          "decl": {
            "enum_": {
              "key": {
                "name": {
                  "key": {
                    "name": { "key": "E" },
                    "scope": {
                      "namespace_": { "key": { "name": { "key": "N1" } } }
                    }
                  }
                },
                "isScoped": false,
                "source": {
                  "file": { "key": "test.cpp" },
                  "lineBegin": 11,
                  "columnBegin": 1,
                  "lineEnd": 11,
                  "columnEnd": 18
                }
              }
            }
          }
        }
      },
      "file": { "key": "test.cpp" },
      "range": { "span": { "start": 670, "length": 1 } }
    }
  },
  {
    "key": {
      "target": {
        "cxx": {
          "decl": {
            "enum_": {
              "key": {
                "name": {
                  "key": {
                    "name": { "key": "E" },
                    "scope": {
                      "namespace_": { "key": { "name": { "key": "N1" } } }
                    }
                  }
                },
                "isScoped": false,
                "source": {
                  "file": { "key": "test.cpp" },
                  "lineBegin": 11,
                  "columnBegin": 1,
                  "lineEnd": 11,
                  "columnEnd": 18
                }
              }
            }
          }
        }
      },
      "file": { "key": "test.cpp" },
      "range": { "span": { "start": 725, "length": 1 } }
    }
  },
  {
    "key": {
      "target": {
        "cxx": {
          "decl": {
            "namespace_": {
              "key": {
                "name": { "key": { "name": { "key": "N1" } } },
                "source": {
                  "file": { "key": "test.cpp" },
                  "lineBegin": 9,
                  "columnBegin": 1,
                  "lineEnd": 13,
                  "columnEnd": 1
                }
              }
            }
          }
        }
      },
      "file": { "key": "test.cpp" },
      "range": { "span": { "start": 293, "length": 2 } }
    }
  },
  {
    "key": {
      "target": {
        "cxx": {
          "decl": {
            "namespace_": {
              "key": {
                "name": { "key": { "name": { "key": "N1" } } },
                "source": {
                  "file": { "key": "test.cpp" },
                  "lineBegin": 9,
                  "columnBegin": 1,
                  "lineEnd": 13,
                  "columnEnd": 1
                }
              }
            }
          }
        }
      },
      "file": { "key": "test.cpp" },
      "range": { "span": { "start": 303, "length": 2 } }
    }
  },
  {
    "key": {
      "target": {
        "cxx": {
          "decl": {
            "namespace_": {
              "key": {
                "name": { "key": { "name": { "key": "N1" } } },
                "source": {
                  "file": { "key": "test.cpp" },
                  "lineBegin": 9,
                  "columnBegin": 1,
                  "lineEnd": 13,
                  "columnEnd": 1
                }
              }
            }
          }
        }
      },
      "file": { "key": "test.cpp" },
      "range": { "span": { "start": 396, "length": 2 } }
    }
  },
  {
    "key": {
      "target": {
        "cxx": {
          "decl": {
            "namespace_": {
              "key": {
                "name": { "key": { "name": { "key": "N1" } } },
                "source": {
                  "file": { "key": "test.cpp" },
                  "lineBegin": 9,
                  "columnBegin": 1,
                  "lineEnd": 13,
                  "columnEnd": 1
                }
              }
            }
          }
        }
      },
      "file": { "key": "test.cpp" },
      "range": { "span": { "start": 419, "length": 2 } }
    }
  },
  {
    "key": {
      "target": {
        "cxx": {
          "decl": {
            "namespace_": {
              "key": {
                "name": { "key": { "name": { "key": "N1" } } },
                "source": {
                  "file": { "key": "test.cpp" },
                  "lineBegin": 9,
                  "columnBegin": 1,
                  "lineEnd": 13,
                  "columnEnd": 1
                }
              }
            }
          }
        }
      },
      "file": { "key": "test.cpp" },
      "range": { "span": { "start": 509, "length": 2 } }
    }
  },
  {
    "key": {
      "target": {
        "cxx": {
          "decl": {
            "namespace_": {
              "key": {
                "name": { "key": { "name": { "key": "N1" } } },
                "source": {
                  "file": { "key": "test.cpp" },
                  "lineBegin": 9,
                  "columnBegin": 1,
                  "lineEnd": 13,
                  "columnEnd": 1
                }
              }
            }
          }
        }
      },
      "file": { "key": "test.cpp" },
      "range": { "span": { "start": 522, "length": 2 } }
    }
  },
  {
    "key": {
      "target": {
        "cxx": {
          "decl": {
            "namespace_": {
              "key": {
                "name": { "key": { "name": { "key": "N1" } } },
                "source": {
                  "file": { "key": "test.cpp" },
                  "lineBegin": 9,
                  "columnBegin": 1,
                  "lineEnd": 13,
                  "columnEnd": 1
                }
              }
            }
          }
        }
      },
      "file": { "key": "test.cpp" },
      "range": { "span": { "start": 577, "length": 2 } }
    }
  },
  {
    "key": {
      "target": {
        "cxx": {
          "decl": {
            "namespace_": {
              "key": {
                "name": { "key": { "name": { "key": "N1" } } },
                "source": {
                  "file": { "key": "test.cpp" },
                  "lineBegin": 9,
                  "columnBegin": 1,
                  "lineEnd": 13,
                  "columnEnd": 1
                }
              }
            }
          }
        }
      },
      "file": { "key": "test.cpp" },
      "range": { "span": { "start": 590, "length": 2 } }
    }
  },
  {
    "key": {
      "target": {
        "cxx": {
          "decl": {
            "namespace_": {
              "key": {
                "name": { "key": { "name": { "key": "N1" } } },
                "source": {
                  "file": { "key": "test.cpp" },
                  "lineBegin": 9,
                  "columnBegin": 1,
                  "lineEnd": 13,
                  "columnEnd": 1
                }
              }
            }
          }
        }
      },
      "file": { "key": "test.cpp" },
      "range": { "span": { "start": 666, "length": 2 } }
    }
  },
  {
    "key": {
      "target": {
        "cxx": {
          "decl": {
            "namespace_": {
              "key": {
                "name": { "key": { "name": { "key": "N1" } } },
                "source": {
                  "file": { "key": "test.cpp" },
                  "lineBegin": 9,
                  "columnBegin": 1,
                  "lineEnd": 13,
                  "columnEnd": 1
                }
              }
            }
          }
        }
      },
      "file": { "key": "test.cpp" },
      "range": { "span": { "start": 721, "length": 2 } }
    }
  },
  {
    "key": {
      "target": {
        "cxx": {
          "decl": {
            "namespace_": {
              "key": {
                "name": { "key": { "name": { "key": "N21" } } },
                "source": {
                  "file": { "key": "test.cpp" },
                  "lineBegin": 15,
                  "columnBegin": 1,
                  "lineEnd": 24,
                  "columnEnd": 1
                }
              }
            }
          }
        }
      },
      "file": { "key": "test.cpp" },
      "range": { "span": { "start": 655, "length": 3 } }
    }
  },
  {
    "key": {
      "target": {
        "cxx": {
          "decl": {
            "namespace_": {
              "key": {
                "name": { "key": { "name": { "key": "N22" } } },
                "source": {
                  "file": { "key": "test.cpp" },
                  "lineBegin": 26,
                  "columnBegin": 1,
                  "lineEnd": 35,
                  "columnEnd": 1
                }
              }
            }
          }
        }
      },
      "file": { "key": "test.cpp" },
      "range": { "span": { "start": 744, "length": 3 } }
    }
  }
]