[
  "@generated",
  {
    "key": {
      "file": { "key": "test.cpp" },
      "entity": {
        "cxx": {
          "defn": {
            "enum_": {
              "key": {
                "declaration": {
                  "key": {
                    "name": {
                      "key": {
                        "name": { "key": "E" },
                        "scope": {
                          "namespace_": { "key": { "name": { "key": "N1" } } }
                        }
                      }
                    },
                    "isScoped": false,
                    "source": {
                      "file": { "key": "test.cpp" },
                      "lineBegin": 11,
                      "columnBegin": 1,
                      "lineEnd": 11,
                      "columnEnd": 18
                    }
                  }
                },
                "enumerators": [
                  {
                    "key": {
                      "name": { "key": "A" },
                      "enumeration": {
                        "key": {
                          "name": {
                            "key": {
                              "name": { "key": "E" },
                              "scope": {
                                "namespace_": {
                                  "key": { "name": { "key": "N1" } }
                                }
                              }
                            }
                          },
                          "isScoped": false,
                          "source": {
                            "file": { "key": "test.cpp" },
                            "lineBegin": 11,
                            "columnBegin": 1,
                            "lineEnd": 11,
                            "columnEnd": 18
                          }
                        }
                      },
                      "source": {
                        "file": { "key": "test.cpp" },
                        "lineBegin": 11,
                        "columnBegin": 10,
                        "lineEnd": 11,
                        "columnEnd": 10
                      }
                    }
                  },
                  {
                    "key": {
                      "name": { "key": "B" },
                      "enumeration": {
                        "key": {
                          "name": {
                            "key": {
                              "name": { "key": "E" },
                              "scope": {
                                "namespace_": {
                                  "key": { "name": { "key": "N1" } }
                                }
                              }
                            }
                          },
                          "isScoped": false,
                          "source": {
                            "file": { "key": "test.cpp" },
                            "lineBegin": 11,
                            "columnBegin": 1,
                            "lineEnd": 11,
                            "columnEnd": 18
                          }
                        }
                      },
                      "source": {
                        "file": { "key": "test.cpp" },
                        "lineBegin": 11,
                        "columnBegin": 13,
                        "lineEnd": 11,
                        "columnEnd": 13
                      }
                    }
                  },
                  {
                    "key": {
                      "name": { "key": "C" },
                      "enumeration": {
                        "key": {
                          "name": {
                            "key": {
                              "name": { "key": "E" },
                              "scope": {
                                "namespace_": {
                                  "key": { "name": { "key": "N1" } }
                                }
                              }
                            }
                          },
                          "isScoped": false,
                          "source": {
                            "file": { "key": "test.cpp" },
                            "lineBegin": 11,
                            "columnBegin": 1,
                            "lineEnd": 11,
                            "columnEnd": 18
                          }
                        }
                      },
                      "source": {
                        "file": { "key": "test.cpp" },
                        "lineBegin": 11,
                        "columnBegin": 16,
                        "lineEnd": 11,
                        "columnEnd": 16
                      }
                    }
                  }
                ]
              }
            }
          }
        }
      },
      "kind": 11
    }
  },
  {
    "key": {
      "file": { "key": "test.cpp" },
      "entity": {
        "cxx": {
          "defn": {
            "namespace_": {
              "key": {
                "declaration": {
                  "key": {
                    "name": { "key": { "name": { "key": "N1" } } },
                    "source": {
                      "file": { "key": "test.cpp" },
                      "lineBegin": 9,
                      "columnBegin": 1,
                      "lineEnd": 13,
                      "columnEnd": 1
                    }
                  }
                },
                "members": {
                  "key": [
                    {
                      "enum_": {
                        "key": {
                          "name": {
                            "key": {
                              "name": { "key": "E" },
                              "scope": {
                                "namespace_": {
                                  "key": { "name": { "key": "N1" } }
                                }
                              }
                            }
                          },
                          "isScoped": false,
                          "source": {
                            "file": { "key": "test.cpp" },
                            "lineBegin": 11,
                            "columnBegin": 1,
                            "lineEnd": 11,
                            "columnEnd": 18
                          }
                        }
                      }
                    }
                  ]
                }
              }
            }
          }
        }
      },
      "kind": 5
    }
  },
  {
    "key": {
      "file": { "key": "test.cpp" },
      "entity": {
        "cxx": {
          "defn": {
            "namespace_": {
              "key": {
                "declaration": {
                  "key": {
                    "name": { "key": { "name": { "key": "N21" } } },
                    "source": {
                      "file": { "key": "test.cpp" },
                      "lineBegin": 15,
                      "columnBegin": 1,
                      "lineEnd": 24,
                      "columnEnd": 1
                    }
                  }
                },
                "members": {
                  "key": [
                    {
                      "function_": {
                        "key": {
                          "name": {
                            "key": {
                              "name": { "key": { "name": { "key": "foo" } } },
                              "scope": {
                                "namespace_": {
                                  "key": { "name": { "key": "N21" } }
                                }
                              }
                            }
                          },
                          "signature": {
                            "key": {
                              "returns": { "key": "void" },
                              "parameters": [ ]
                            }
                          },
                          "source": {
                            "file": { "key": "test.cpp" },
                            "lineBegin": 20,
                            "columnBegin": 1,
                            "lineEnd": 22,
                            "columnEnd": 1
                          }
                        }
                      }
                    }
                  ]
                }
              }
            }
          }
        }
      },
      "kind": 5
    }
  },
  {
    "key": {
      "file": { "key": "test.cpp" },
      "entity": {
        "cxx": {
          "defn": {
            "namespace_": {
              "key": {
                "declaration": {
                  "key": {
                    "name": { "key": { "name": { "key": "N22" } } },
                    "source": {
                      "file": { "key": "test.cpp" },
                      "lineBegin": 26,
                      "columnBegin": 1,
                      "lineEnd": 35,
                      "columnEnd": 1
                    }
                  }
                },
                "members": {
                  "key": [
                    {
                      "function_": {
                        "key": {
                          "name": {
                            "key": {
                              "name": { "key": { "name": { "key": "foo" } } },
                              "scope": {
                                "namespace_": {
                                  "key": { "name": { "key": "N22" } }
                                }
                              }
                            }
                          },
                          "signature": {
                            "key": {
                              "returns": { "key": "void" },
                              "parameters": [ ]
                            }
                          },
                          "source": {
                            "file": { "key": "test.cpp" },
                            "lineBegin": 31,
                            "columnBegin": 1,
                            "lineEnd": 33,
                            "columnEnd": 1
                          }
                        }
                      }
                    }
                  ]
                }
              }
            }
          }
        }
      },
      "kind": 5
    }
  },
  {
    "key": {
      "file": { "key": "test.cpp" },
      "entity": {
        "cxx": {
          "enumerator": {
            "key": {
              "name": { "key": "A" },
              "enumeration": {
                "key": {
                  "name": {
                    "key": {
                      "name": { "key": "E" },
                      "scope": {
                        "namespace_": { "key": { "name": { "key": "N1" } } }
                      }
                    }
                  },
                  "isScoped": false,
                  "source": {
                    "file": { "key": "test.cpp" },
                    "lineBegin": 11,
                    "columnBegin": 1,
                    "lineEnd": 11,
                    "columnEnd": 18
                  }
                }
              },
              "source": {
                "file": { "key": "test.cpp" },
                "lineBegin": 11,
                "columnBegin": 10,
                "lineEnd": 11,
                "columnEnd": 10
              }
            }
          }
        }
      },
      "kind": 23
    }
  }
]