[
    "@generated",
    {
        "contains_relation": {
            "firstChild": "nondeterministic",
            "firstParent": "nondeterministic",
            "hasMoreChildren": false,
            "hasMoreParents": false
        },
        "extends_relation": {
            "firstChild": "nondeterministic",
            "firstParent": "nondeterministic",
            "hasMoreChildren": false,
            "hasMoreParents": false
        },
        "language": 4,
        "location": {
            "filepath": "glean/lang/codemarkup/tests/haskell/code/A.hs",
            "range": {
                "columnBegin": 16,
                "columnEnd": 18,
                "lineBegin": 29,
                "lineEnd": 29
            },
            "repository": "test"
        },
        "modifiers": [],
        "name": {
            "container": "f1",
            "localName": "A"
        },
        "pretty_comments": [],
        "repo_hash": "testhash",
        "sym": "test/hs/main/A/var/f1",
        "sym_location": {
            "filepath": "glean/lang/codemarkup/tests/haskell/code/A.hs",
            "range": {
                "columnBegin": 16,
                "columnEnd": 18,
                "lineBegin": 29,
                "lineEnd": 29
            },
            "repository": "test"
        },
        "sym_other_locations": [],
        "type_xrefs": []
    }
]