[
  "@generated",
  {
    "key": {
      "parent": {
        "decl": {
          "namespace_": {
            "key": {
              "name": { "key": { "name": { "key": "N1" } } },
              "source": {
                "file": { "key": "test.cpp" },
                "lineBegin": 9,
                "columnBegin": 1,
                "lineEnd": 13,
                "columnEnd": 1
              }
            }
          }
        }
      },
      "child": {
        "decl": {
          "function_": {
            "key": {
              "name": {
                "key": {
                  "name": { "key": { "name": { "key": "foo" } } },
                  "scope": {
                    "namespace_": { "key": { "name": { "key": "N1" } } }
                  }
                }
              },
              "signature": {
                "key": { "returns": { "key": "void" }, "parameters": [ ] }
              },
              "source": {
                "file": { "key": "test.cpp" },
                "lineBegin": 11,
                "columnBegin": 1,
                "lineEnd": 11,
                "columnEnd": 20
              }
            }
          }
        }
      }
    }
  }
]