[
  "@generated",
  {
    "key": {
      "target": {
        "cxx": {
          "decl": {
            "function_": {
              "key": {
                "name": {
                  "key": {
                    "name": { "key": { "name": { "key": "id" } } },
                    "scope": { "global_": { } }
                  }
                },
                "signature": {
                  "key": {
                    "returns": { "key": "N1::N2::N3::Foo" },
                    "parameters": [
                      {
                        "name": { "key": "x" },
                        "type": { "key": "N1::N2::N3::Foo" }
                      }
                    ]
                  }
                },
                "source": {
                  "file": { "key": "test.cpp" },
                  "lineBegin": 33,
                  "columnBegin": 1,
                  "lineEnd": 33,
                  "columnEnd": 13
                }
              }
            }
          }
        }
      },
      "file": { "key": "test.cpp" },
      "range": { "span": { "start": 713, "length": 2 } }
    }
  },
  {
    "key": {
      "target": {
        "cxx": {
          "decl": {
            "function_": {
              "key": {
                "name": {
                  "key": {
                    "name": { "key": { "name": { "key": "id" } } },
                    "scope": { "global_": { } }
                  }
                },
                "signature": {
                  "key": {
                    "returns": { "key": "N1::N2::N3::Foo" },
                    "parameters": [
                      {
                        "name": { "key": "x" },
                        "type": { "key": "N1::N2::N3::Foo" }
                      }
                    ]
                  }
                },
                "source": {
                  "file": { "key": "test.cpp" },
                  "lineBegin": 33,
                  "columnBegin": 1,
                  "lineEnd": 33,
                  "columnEnd": 13
                }
              }
            }
          }
        }
      },
      "file": { "key": "test.cpp" },
      "range": { "span": { "start": 770, "length": 2 } }
    }
  },
  {
    "key": {
      "target": {
        "cxx": {
          "decl": {
            "namespace_": {
              "key": {
                "name": { "key": { "name": { "key": "N1" } } },
                "source": {
                  "file": { "key": "test.cpp" },
                  "lineBegin": 9,
                  "columnBegin": 1,
                  "lineEnd": 29,
                  "columnEnd": 1
                }
              }
            }
          }
        }
      },
      "file": { "key": "test.cpp" },
      "range": { "span": { "start": 525, "length": 2 } }
    }
  },
  {
    "key": {
      "target": {
        "cxx": {
          "decl": {
            "namespace_": {
              "key": {
                "name": { "key": { "name": { "key": "N1" } } },
                "source": {
                  "file": { "key": "test.cpp" },
                  "lineBegin": 9,
                  "columnBegin": 1,
                  "lineEnd": 29,
                  "columnEnd": 1
                }
              }
            }
          }
        }
      },
      "file": { "key": "test.cpp" },
      "range": { "span": { "start": 674, "length": 2 } }
    }
  },
  {
    "key": {
      "target": {
        "cxx": {
          "decl": {
            "namespace_": {
              "key": {
                "name": { "key": { "name": { "key": "N1" } } },
                "source": {
                  "file": { "key": "test.cpp" },
                  "lineBegin": 9,
                  "columnBegin": 1,
                  "lineEnd": 29,
                  "columnEnd": 1
                }
              }
            }
          }
        }
      },
      "file": { "key": "test.cpp" },
      "range": { "span": { "start": 726, "length": 2 } }
    }
  },
  {
    "key": {
      "target": {
        "cxx": {
          "decl": {
            "namespace_": {
              "key": {
                "name": {
                  "key": {
                    "name": { "key": "N2" },
                    "parent": { "key": { "name": { "key": "N1" } } }
                  }
                },
                "source": {
                  "file": { "key": "test.cpp" },
                  "lineBegin": 11,
                  "columnBegin": 1,
                  "lineEnd": 27,
                  "columnEnd": 1
                }
              }
            }
          }
        }
      },
      "file": { "key": "test.cpp" },
      "range": { "span": { "start": 529, "length": 2 } }
    }
  },
  {
    "key": {
      "target": {
        "cxx": {
          "decl": {
            "namespace_": {
              "key": {
                "name": {
                  "key": {
                    "name": { "key": "N2" },
                    "parent": { "key": { "name": { "key": "N1" } } }
                  }
                },
                "source": {
                  "file": { "key": "test.cpp" },
                  "lineBegin": 11,
                  "columnBegin": 1,
                  "lineEnd": 27,
                  "columnEnd": 1
                }
              }
            }
          }
        }
      },
      "file": { "key": "test.cpp" },
      "range": { "span": { "start": 678, "length": 2 } }
    }
  },
  {
    "key": {
      "target": {
        "cxx": {
          "decl": {
            "namespace_": {
              "key": {
                "name": {
                  "key": {
                    "name": { "key": "N2" },
                    "parent": { "key": { "name": { "key": "N1" } } }
                  }
                },
                "source": {
                  "file": { "key": "test.cpp" },
                  "lineBegin": 11,
                  "columnBegin": 1,
                  "lineEnd": 27,
                  "columnEnd": 1
                }
              }
            }
          }
        }
      },
      "file": { "key": "test.cpp" },
      "range": { "span": { "start": 730, "length": 2 } }
    }
  },
  {
    "key": {
      "target": {
        "cxx": {
          "decl": {
            "namespace_": {
              "key": {
                "name": {
                  "key": {
                    "name": { "key": "N3" },
                    "parent": {
                      "key": {
                        "name": { "key": "N2" },
                        "parent": { "key": { "name": { "key": "N1" } } }
                      }
                    }
                  }
                },
                "source": {
                  "file": { "key": "test.cpp" },
                  "lineBegin": 13,
                  "columnBegin": 1,
                  "lineEnd": 13,
                  "columnEnd": 31
                }
              }
            }
          }
        }
      },
      "file": { "key": "test.cpp" },
      "range": { "span": { "start": 292, "length": 2 } }
    }
  },
  {
    "key": {
      "target": {
        "cxx": {
          "decl": {
            "namespace_": {
              "key": {
                "name": {
                  "key": {
                    "name": { "key": "N3" },
                    "parent": {
                      "key": {
                        "name": { "key": "N2" },
                        "parent": { "key": { "name": { "key": "N1" } } }
                      }
                    }
                  }
                },
                "source": {
                  "file": { "key": "test.cpp" },
                  "lineBegin": 13,
                  "columnBegin": 1,
                  "lineEnd": 13,
                  "columnEnd": 31
                }
              }
            }
          }
        }
      },
      "file": { "key": "test.cpp" },
      "range": { "span": { "start": 533, "length": 2 } }
    }
  },
  {
    "key": {
      "target": {
        "cxx": {
          "decl": {
            "record_": {
              "key": {
                "name": {
                  "key": {
                    "name": { "key": "Bar" },
                    "scope": {
                      "namespace_": {
                        "key": {
                          "name": { "key": "N2" },
                          "parent": { "key": { "name": { "key": "N1" } } }
                        }
                      }
                    }
                  }
                },
                "kind": { "struct_": { } },
                "source": {
                  "file": { "key": "test.cpp" },
                  "lineBegin": 22,
                  "columnBegin": 1,
                  "lineEnd": 25,
                  "columnEnd": 1
                }
              }
            }
          }
        }
      },
      "file": { "key": "test.cpp" },
      "range": { "span": { "start": 734, "length": 3 } }
    }
  },
  {
    "key": {
      "target": {
        "cxx": {
          "decl": {
            "record_": {
              "key": {
                "name": {
                  "key": {
                    "name": { "key": "Foo" },
                    "scope": {
                      "namespace_": {
                        "key": {
                          "name": { "key": "N3" },
                          "parent": {
                            "key": {
                              "name": { "key": "N2" },
                              "parent": { "key": { "name": { "key": "N1" } } }
                            }
                          }
                        }
                      }
                    }
                  }
                },
                "kind": { "struct_": { } },
                "source": {
                  "file": { "key": "test.cpp" },
                  "lineBegin": 13,
                  "columnBegin": 16,
                  "lineEnd": 13,
                  "columnEnd": 28
                }
              }
            }
          }
        }
      },
      "file": { "key": "test.cpp" },
      "range": { "span": { "start": 296, "length": 3 } }
    }
  },
  {
    "key": {
      "target": {
        "cxx": {
          "decl": {
            "record_": {
              "key": {
                "name": {
                  "key": {
                    "name": { "key": "Foo" },
                    "scope": {
                      "namespace_": {
                        "key": {
                          "name": { "key": "N3" },
                          "parent": {
                            "key": {
                              "name": { "key": "N2" },
                              "parent": { "key": { "name": { "key": "N1" } } }
                            }
                          }
                        }
                      }
                    }
                  }
                },
                "kind": { "struct_": { } },
                "source": {
                  "file": { "key": "test.cpp" },
                  "lineBegin": 13,
                  "columnBegin": 16,
                  "lineEnd": 13,
                  "columnEnd": 28
                }
              }
            }
          }
        }
      },
      "file": { "key": "test.cpp" },
      "range": { "span": { "start": 411, "length": 3 } }
    }
  },
  {
    "key": {
      "target": {
        "cxx": {
          "decl": {
            "record_": {
              "key": {
                "name": {
                  "key": {
                    "name": { "key": "Foo" },
                    "scope": {
                      "namespace_": {
                        "key": {
                          "name": { "key": "N3" },
                          "parent": {
                            "key": {
                              "name": { "key": "N2" },
                              "parent": { "key": { "name": { "key": "N1" } } }
                            }
                          }
                        }
                      }
                    }
                  }
                },
                "kind": { "struct_": { } },
                "source": {
                  "file": { "key": "test.cpp" },
                  "lineBegin": 13,
                  "columnBegin": 16,
                  "lineEnd": 13,
                  "columnEnd": 28
                }
              }
            }
          }
        }
      },
      "file": { "key": "test.cpp" },
      "range": { "span": { "start": 421, "length": 3 } }
    }
  },
  {
    "key": {
      "target": {
        "cxx": {
          "decl": {
            "record_": {
              "key": {
                "name": {
                  "key": {
                    "name": { "key": "Foo" },
                    "scope": {
                      "namespace_": {
                        "key": {
                          "name": { "key": "N3" },
                          "parent": {
                            "key": {
                              "name": { "key": "N2" },
                              "parent": { "key": { "name": { "key": "N1" } } }
                            }
                          }
                        }
                      }
                    }
                  }
                },
                "kind": { "struct_": { } },
                "source": {
                  "file": { "key": "test.cpp" },
                  "lineBegin": 13,
                  "columnBegin": 16,
                  "lineEnd": 13,
                  "columnEnd": 28
                }
              }
            }
          }
        }
      },
      "file": { "key": "test.cpp" },
      "range": { "span": { "start": 429, "length": 3 } }
    }
  },
  {
    "key": {
      "target": {
        "cxx": {
          "decl": {
            "record_": {
              "key": {
                "name": {
                  "key": {
                    "name": { "key": "Foo" },
                    "scope": {
                      "namespace_": {
                        "key": {
                          "name": { "key": "N3" },
                          "parent": {
                            "key": {
                              "name": { "key": "N2" },
                              "parent": { "key": { "name": { "key": "N1" } } }
                            }
                          }
                        }
                      }
                    }
                  }
                },
                "kind": { "struct_": { } },
                "source": {
                  "file": { "key": "test.cpp" },
                  "lineBegin": 13,
                  "columnBegin": 16,
                  "lineEnd": 13,
                  "columnEnd": 28
                }
              }
            }
          }
        }
      },
      "file": { "key": "test.cpp" },
      "range": { "span": { "start": 483, "length": 3 } }
    }
  },
  {
    "key": {
      "target": {
        "cxx": {
          "decl": {
            "record_": {
              "key": {
                "name": {
                  "key": {
                    "name": { "key": "Foo" },
                    "scope": {
                      "namespace_": {
                        "key": {
                          "name": { "key": "N3" },
                          "parent": {
                            "key": {
                              "name": { "key": "N2" },
                              "parent": { "key": { "name": { "key": "N1" } } }
                            }
                          }
                        }
                      }
                    }
                  }
                },
                "kind": { "struct_": { } },
                "source": {
                  "file": { "key": "test.cpp" },
                  "lineBegin": 13,
                  "columnBegin": 16,
                  "lineEnd": 13,
                  "columnEnd": 28
                }
              }
            }
          }
        }
      },
      "file": { "key": "test.cpp" },
      "range": { "span": { "start": 493, "length": 3 } }
    }
  },
  {
    "key": {
      "target": {
        "cxx": {
          "decl": {
            "record_": {
              "key": {
                "name": {
                  "key": {
                    "name": { "key": "Foo" },
                    "scope": {
                      "namespace_": {
                        "key": {
                          "name": { "key": "N3" },
                          "parent": {
                            "key": {
                              "name": { "key": "N2" },
                              "parent": { "key": { "name": { "key": "N1" } } }
                            }
                          }
                        }
                      }
                    }
                  }
                },
                "kind": { "struct_": { } },
                "source": {
                  "file": { "key": "test.cpp" },
                  "lineBegin": 13,
                  "columnBegin": 16,
                  "lineEnd": 13,
                  "columnEnd": 28
                }
              }
            }
          }
        }
      },
      "file": { "key": "test.cpp" },
      "range": { "span": { "start": 501, "length": 3 } }
    }
  },
  {
    "key": {
      "target": {
        "cxx": {
          "decl": {
            "record_": {
              "key": {
                "name": {
                  "key": {
                    "name": { "key": "Foo" },
                    "scope": {
                      "namespace_": {
                        "key": {
                          "name": { "key": "N3" },
                          "parent": {
                            "key": {
                              "name": { "key": "N2" },
                              "parent": { "key": { "name": { "key": "N1" } } }
                            }
                          }
                        }
                      }
                    }
                  }
                },
                "kind": { "struct_": { } },
                "source": {
                  "file": { "key": "test.cpp" },
                  "lineBegin": 13,
                  "columnBegin": 16,
                  "lineEnd": 13,
                  "columnEnd": 28
                }
              }
            }
          }
        }
      },
      "file": { "key": "test.cpp" },
      "range": { "span": { "start": 537, "length": 3 } }
    }
  },
  {
    "key": {
      "target": {
        "cxx": {
          "decl": {
            "record_": {
              "key": {
                "name": {
                  "key": {
                    "name": { "key": "Foo" },
                    "scope": {
                      "namespace_": {
                        "key": {
                          "name": { "key": "N3" },
                          "parent": {
                            "key": {
                              "name": { "key": "N2" },
                              "parent": { "key": { "name": { "key": "N1" } } }
                            }
                          }
                        }
                      }
                    }
                  }
                },
                "kind": { "struct_": { } },
                "source": {
                  "file": { "key": "test.cpp" },
                  "lineBegin": 13,
                  "columnBegin": 16,
                  "lineEnd": 13,
                  "columnEnd": 28
                }
              }
            }
          }
        }
      },
      "file": { "key": "test.cpp" },
      "range": { "span": { "start": 543, "length": 3 } }
    }
  },
  {
    "key": {
      "target": {
        "cxx": {
          "decl": {
            "record_": {
              "key": {
                "name": {
                  "key": {
                    "name": { "key": "Foo" },
                    "scope": {
                      "namespace_": {
                        "key": {
                          "name": { "key": "N3" },
                          "parent": {
                            "key": {
                              "name": { "key": "N2" },
                              "parent": { "key": { "name": { "key": "N1" } } }
                            }
                          }
                        }
                      }
                    }
                  }
                },
                "kind": { "struct_": { } },
                "source": {
                  "file": { "key": "test.cpp" },
                  "lineBegin": 13,
                  "columnBegin": 16,
                  "lineEnd": 13,
                  "columnEnd": 28
                }
              }
            }
          }
        }
      },
      "file": { "key": "test.cpp" },
      "range": { "span": { "start": 550, "length": 3 } }
    }
  },
  {
    "key": {
      "target": {
        "cxx": {
          "decl": {
            "record_": {
              "key": {
                "name": {
                  "key": {
                    "name": { "key": "Foo" },
                    "scope": {
                      "namespace_": {
                        "key": {
                          "name": { "key": "N3" },
                          "parent": {
                            "key": {
                              "name": { "key": "N2" },
                              "parent": { "key": { "name": { "key": "N1" } } }
                            }
                          }
                        }
                      }
                    }
                  }
                },
                "kind": { "struct_": { } },
                "source": {
                  "file": { "key": "test.cpp" },
                  "lineBegin": 13,
                  "columnBegin": 16,
                  "lineEnd": 13,
                  "columnEnd": 28
                }
              }
            }
          }
        }
      },
      "file": { "key": "test.cpp" },
      "range": { "span": { "start": 668, "length": 3 } }
    }
  },
  {
    "key": {
      "target": {
        "cxx": {
          "decl": {
            "record_": {
              "key": {
                "name": {
                  "key": {
                    "name": { "key": "Foo" },
                    "scope": {
                      "namespace_": {
                        "key": {
                          "name": { "key": "N3" },
                          "parent": {
                            "key": {
                              "name": { "key": "N2" },
                              "parent": { "key": { "name": { "key": "N1" } } }
                            }
                          }
                        }
                      }
                    }
                  }
                },
                "kind": { "struct_": { } },
                "source": {
                  "file": { "key": "test.cpp" },
                  "lineBegin": 13,
                  "columnBegin": 16,
                  "lineEnd": 13,
                  "columnEnd": 28
                }
              }
            }
          }
        }
      },
      "file": { "key": "test.cpp" },
      "range": { "span": { "start": 686, "length": 3 } }
    }
  },
  {
    "key": {
      "target": {
        "cxx": {
          "decl": {
            "record_": {
              "key": {
                "name": {
                  "key": {
                    "name": { "key": "Foo" },
                    "scope": {
                      "namespace_": {
                        "key": {
                          "name": { "key": "N3" },
                          "parent": {
                            "key": {
                              "name": { "key": "N2" },
                              "parent": { "key": { "name": { "key": "N1" } } }
                            }
                          }
                        }
                      }
                    }
                  }
                },
                "kind": { "struct_": { } },
                "source": {
                  "file": { "key": "test.cpp" },
                  "lineBegin": 13,
                  "columnBegin": 16,
                  "lineEnd": 13,
                  "columnEnd": 28
                }
              }
            }
          }
        }
      },
      "file": { "key": "test.cpp" },
      "range": { "span": { "start": 694, "length": 3 } }
    }
  },
  {
    "key": {
      "target": {
        "cxx": {
          "decl": {
            "record_": {
              "key": {
                "name": {
                  "key": {
                    "name": { "key": "Foo" },
                    "scope": {
                      "namespace_": {
                        "key": {
                          "name": { "key": "N3" },
                          "parent": {
                            "key": {
                              "name": { "key": "N2" },
                              "parent": { "key": { "name": { "key": "N1" } } }
                            }
                          }
                        }
                      }
                    }
                  }
                },
                "kind": { "struct_": { } },
                "source": {
                  "file": { "key": "test.cpp" },
                  "lineBegin": 13,
                  "columnBegin": 16,
                  "lineEnd": 13,
                  "columnEnd": 28
                }
              }
            }
          }
        }
      },
      "file": { "key": "test.cpp" },
      "range": { "span": { "start": 720, "length": 3 } }
    }
  },
  {
    "key": {
      "target": {
        "cxx": {
          "decl": {
            "record_": {
              "key": {
                "name": {
                  "key": {
                    "name": { "key": "Foo" },
                    "scope": {
                      "namespace_": {
                        "key": {
                          "name": { "key": "N3" },
                          "parent": {
                            "key": {
                              "name": { "key": "N2" },
                              "parent": { "key": { "name": { "key": "N1" } } }
                            }
                          }
                        }
                      }
                    }
                  }
                },
                "kind": { "struct_": { } },
                "source": {
                  "file": { "key": "test.cpp" },
                  "lineBegin": 13,
                  "columnBegin": 16,
                  "lineEnd": 13,
                  "columnEnd": 28
                }
              }
            }
          }
        }
      },
      "file": { "key": "test.cpp" },
      "range": { "span": { "start": 743, "length": 3 } }
    }
  },
  {
    "key": {
      "target": {
        "cxx": {
          "decl": {
            "record_": {
              "key": {
                "name": {
                  "key": {
                    "name": { "key": "Foo" },
                    "scope": {
                      "namespace_": {
                        "key": {
                          "name": { "key": "N3" },
                          "parent": {
                            "key": {
                              "name": { "key": "N2" },
                              "parent": { "key": { "name": { "key": "N1" } } }
                            }
                          }
                        }
                      }
                    }
                  }
                },
                "kind": { "struct_": { } },
                "source": {
                  "file": { "key": "test.cpp" },
                  "lineBegin": 13,
                  "columnBegin": 16,
                  "lineEnd": 13,
                  "columnEnd": 28
                }
              }
            }
          }
        }
      },
      "file": { "key": "test.cpp" },
      "range": { "span": { "start": 751, "length": 3 } }
    }
  }
]