[
    "@generated",
    [
        {
            "filepath": "example.ts",
            "repository": "test",
            "span": {
                "length": 0,
                "start": 0
            }
        },
        {
            "filepath": "example.ts",
            "repository": "test",
            "span": {
                "length": 0,
                "start": 0
            }
        }
    ]
]