[
  "@generated",
  {
    "key": {
      "decl": {
        "objcMethod": {
          "key": {
            "selector": { "key": [ "i" ] },
            "locations": [ ],
            "container": { "interface_": { "key": "I" } },
            "signature": {
              "key": { "returns": { "key": "int" }, "parameters": [ ] }
            },
            "isInstance": true,
            "isOptional": false,
            "isAccessor": true,
            "source": {
              "file": { "key": "test.m" },
              "lineBegin": 11,
              "columnBegin": 26,
              "lineEnd": 11,
              "columnEnd": 26
            }
          }
        }
      },
      "kind": 7
    }
  },
  {
    "key": {
      "decl": {
        "objcMethod": {
          "key": {
            "selector": { "key": [ "i" ] },
            "locations": [
              {
                "file": { "key": "test.m" },
                "span": { "start": 296, "length": 1 }
              }
            ],
            "container": { "implementation": { "key": "I" } },
            "signature": {
              "key": { "returns": { "key": "int" }, "parameters": [ ] }
            },
            "isInstance": true,
            "isOptional": false,
            "isAccessor": false,
            "source": {
              "file": { "key": "test.m" },
              "lineBegin": 17,
              "columnBegin": 1,
              "lineEnd": 19,
              "columnEnd": 1
            }
          }
        }
      },
      "kind": 7
    }
  },
  {
    "key": {
      "decl": {
        "objcMethod": {
          "key": {
            "selector": { "key": [ "j" ] },
            "locations": [
              {
                "file": { "key": "test.m" },
                "span": { "start": 322, "length": 1 }
              }
            ],
            "container": { "implementation": { "key": "I" } },
            "signature": {
              "key": { "returns": { "key": "int" }, "parameters": [ ] }
            },
            "isInstance": true,
            "isOptional": false,
            "isAccessor": false,
            "source": {
              "file": { "key": "test.m" },
              "lineBegin": 21,
              "columnBegin": 1,
              "lineEnd": 23,
              "columnEnd": 1
            }
          }
        }
      },
      "kind": 7
    }
  },
  {
    "key": {
      "decl": {
        "objcProperty": {
          "key": {
            "name": { "key": "i" },
            "container": { "interface_": { "key": "I" } },
            "type": { "key": "int" },
            "isInstance": true,
            "isOptional": false,
            "isReadOnly": true,
            "isAtomic": true,
            "source": {
              "file": { "key": "test.m" },
              "lineBegin": 11,
              "columnBegin": 1,
              "lineEnd": 11,
              "columnEnd": 26
            }
          }
        }
      },
      "kind": 8
    }
  }
]