[
  "@generated",
  {
    "key": {
      "target": {
        "cxx": {
          "decl": {
            "namespace_": {
              "key": {
                "name": { "key": { "name": { "key": "N1" } } },
                "source": {
                  "file": { "key": "test.cpp" },
                  "lineBegin": 9,
                  "columnBegin": 1,
                  "lineEnd": 13,
                  "columnEnd": 1
                }
              }
            }
          }
        }
      },
      "file": { "key": "test.cpp" },
      "range": { "span": { "start": 260, "length": 2 } }
    }
  },
  {
    "key": {
      "target": {
        "cxx": {
          "decl": {
            "namespace_": {
              "key": {
                "name": { "key": { "name": { "key": "N2" } } },
                "source": {
                  "file": { "key": "test.cpp" },
                  "lineBegin": 17,
                  "columnBegin": 1,
                  "lineEnd": 27,
                  "columnEnd": 1
                }
              }
            }
          }
        }
      },
      "file": { "key": "test.cpp" },
      "range": { "span": { "start": 316, "length": 2 } }
    }
  },
  {
    "key": {
      "target": {
        "cxx": {
          "decl": {
            "record_": {
              "key": {
                "name": {
                  "key": {
                    "name": { "key": "T" },
                    "scope": {
                      "namespace_": { "key": { "name": { "key": "N1" } } }
                    }
                  }
                },
                "kind": { "struct_": { } },
                "source": {
                  "file": { "key": "test.cpp" },
                  "lineBegin": 11,
                  "columnBegin": 1,
                  "lineEnd": 11,
                  "columnEnd": 11
                }
              }
            }
          }
        }
      },
      "file": { "key": "test.cpp" },
      "range": { "span": { "start": 264, "length": 1 } }
    }
  },
  {
    "key": {
      "target": {
        "cxx": {
          "decl": {
            "record_": {
              "key": {
                "name": {
                  "key": {
                    "name": { "key": "T" },
                    "scope": {
                      "namespace_": { "key": { "name": { "key": "N1" } } }
                    }
                  }
                },
                "kind": { "struct_": { } },
                "source": {
                  "file": { "key": "test.cpp" },
                  "lineBegin": 11,
                  "columnBegin": 1,
                  "lineEnd": 11,
                  "columnEnd": 11
                }
              }
            }
          }
        }
      },
      "file": { "key": "test.cpp" },
      "range": { "span": { "start": 336, "length": 1 } }
    }
  }
]