[
  "@generated",
  { "key": { "nameLowerCase": "", "name": { "key": "" } } },
  { "key": { "nameLowerCase": "error", "name": { "key": "Error" } } }
]