[
  "@generated",
  {
    "key": {
      "file": {
        "key": {
          "file": { "key": "glean/lang/go/tests/cases/xrefs/leaphash.go" },
          "language": 16
        }
      },
      "range": {
        "key": {
          "range": {
            "lineBegin": 11,
            "columnBegin": 9,
            "lineEnd": 11,
            "columnEnd": 16
          },
          "text": { "key": "" }
        }
      }
    }
  },
  {
    "key": {
      "file": {
        "key": {
          "file": { "key": "glean/lang/go/tests/cases/xrefs/leaphash.go" },
          "language": 16
        }
      },
      "range": {
        "key": {
          "range": {
            "lineBegin": 24,
            "columnBegin": 6,
            "lineEnd": 24,
            "columnEnd": 12
          },
          "text": { "key": "" }
        }
      }
    }
  },
  {
    "key": {
      "file": {
        "key": {
          "file": { "key": "glean/lang/go/tests/cases/xrefs/leaphash.go" },
          "language": 16
        }
      },
      "range": {
        "key": {
          "range": {
            "lineBegin": 24,
            "columnBegin": 14,
            "lineEnd": 24,
            "columnEnd": 17
          },
          "text": { "key": "" }
        }
      }
    }
  },
  {
    "key": {
      "file": {
        "key": {
          "file": { "key": "glean/lang/go/tests/cases/xrefs/leaphash.go" },
          "language": 16
        }
      },
      "range": {
        "key": {
          "range": {
            "lineBegin": 25,
            "columnBegin": 2,
            "lineEnd": 25,
            "columnEnd": 6
          },
          "text": { "key": "" }
        }
      }
    }
  },
  {
    "key": {
      "file": {
        "key": {
          "file": { "key": "glean/lang/go/tests/cases/xrefs/leaphash.go" },
          "language": 16
        }
      },
      "range": {
        "key": {
          "range": {
            "lineBegin": 27,
            "columnBegin": 6,
            "lineEnd": 27,
            "columnEnd": 13
          },
          "text": { "key": "" }
        }
      }
    }
  },
  {
    "key": {
      "file": {
        "key": {
          "file": { "key": "glean/lang/go/tests/cases/xrefs/leaphash.go" },
          "language": 16
        }
      },
      "range": {
        "key": {
          "range": {
            "lineBegin": 28,
            "columnBegin": 2,
            "lineEnd": 28,
            "columnEnd": 13
          },
          "text": { "key": "" }
        }
      }
    }
  },
  {
    "key": {
      "file": {
        "key": {
          "file": { "key": "glean/lang/go/tests/cases/xrefs/leaphash.go" },
          "language": 16
        }
      },
      "range": {
        "key": {
          "range": {
            "lineBegin": 28,
            "columnBegin": 23,
            "lineEnd": 28,
            "columnEnd": 23
          },
          "text": { "key": "" }
        }
      }
    }
  },
  {
    "key": {
      "file": {
        "key": {
          "file": { "key": "glean/lang/go/tests/cases/xrefs/leaphash.go" },
          "language": 16
        }
      },
      "range": {
        "key": {
          "range": {
            "lineBegin": 35,
            "columnBegin": 6,
            "lineEnd": 35,
            "columnEnd": 6
          },
          "text": { "key": "" }
        }
      }
    }
  },
  {
    "key": {
      "file": {
        "key": {
          "file": { "key": "glean/lang/go/tests/cases/xrefs/leaphash.go" },
          "language": 16
        }
      },
      "range": {
        "key": {
          "range": {
            "lineBegin": 44,
            "columnBegin": 4,
            "lineEnd": 44,
            "columnEnd": 7
          },
          "text": { "key": "" }
        }
      }
    }
  },
  {
    "key": {
      "file": {
        "key": {
          "file": { "key": "glean/lang/go/tests/cases/xrefs/leaphash.go" },
          "language": 16
        }
      },
      "range": {
        "key": {
          "range": {
            "lineBegin": 46,
            "columnBegin": 4,
            "lineEnd": 46,
            "columnEnd": 13
          },
          "text": { "key": "" }
        }
      }
    }
  },
  {
    "key": {
      "file": {
        "key": {
          "file": { "key": "glean/lang/go/tests/cases/xrefs/leaphash.go" },
          "language": 16
        }
      },
      "range": {
        "key": {
          "range": {
            "lineBegin": 56,
            "columnBegin": 2,
            "lineEnd": 56,
            "columnEnd": 5
          },
          "text": { "key": "" }
        }
      }
    }
  },
  {
    "key": {
      "file": {
        "key": {
          "file": { "key": "glean/lang/go/tests/cases/xrefs/leaphash.go" },
          "language": 16
        }
      },
      "range": {
        "key": {
          "range": {
            "lineBegin": 58,
            "columnBegin": 6,
            "lineEnd": 58,
            "columnEnd": 16
          },
          "text": { "key": "" }
        }
      }
    }
  },
  {
    "key": {
      "file": {
        "key": {
          "file": { "key": "glean/lang/go/tests/cases/xrefs/leaphash.go" },
          "language": 16
        }
      },
      "range": {
        "key": {
          "range": {
            "lineBegin": 60,
            "columnBegin": 6,
            "lineEnd": 60,
            "columnEnd": 6
          },
          "text": { "key": "" }
        }
      }
    }
  }
]