[
  "@generated",
  {
    "key": {
      "target": {
        "key": {
          "file": {
            "key": {
              "file": { "key": "glean/lang/go/tests/cases/xrefs/leaphash.go" },
              "language": 16
            }
          },
          "range": {
            "key": {
              "range": {
                "lineBegin": 24,
                "columnBegin": 14,
                "lineEnd": 24,
                "columnEnd": 18
              },
              "text": { "key": "" }
            }
          }
        }
      },
      "file": {
        "key": {
          "file": { "key": "glean/lang/go/tests/cases/xrefs/leaphash.go" },
          "language": 16
        }
      },
      "range": {
        "key": {
          "range": {
            "lineBegin": 25,
            "columnBegin": 32,
            "lineEnd": 25,
            "columnEnd": 36
          },
          "text": { "key": "" }
        }
      }
    }
  },
  {
    "key": {
      "target": {
        "key": {
          "file": {
            "key": {
              "file": { "key": "glean/lang/go/tests/cases/xrefs/leaphash.go" },
              "language": 16
            }
          },
          "range": {
            "key": {
              "range": {
                "lineBegin": 25,
                "columnBegin": 2,
                "lineEnd": 25,
                "columnEnd": 7
              },
              "text": { "key": "" }
            }
          }
        }
      },
      "file": {
        "key": {
          "file": { "key": "glean/lang/go/tests/cases/xrefs/leaphash.go" },
          "language": 16
        }
      },
      "range": {
        "key": {
          "range": {
            "lineBegin": 35,
            "columnBegin": 22,
            "lineEnd": 35,
            "columnEnd": 27
          },
          "text": { "key": "" }
        }
      }
    }
  },
  {
    "key": {
      "target": {
        "key": {
          "file": {
            "key": {
              "file": { "key": "glean/lang/go/tests/cases/xrefs/leaphash.go" },
              "language": 16
            }
          },
          "range": {
            "key": {
              "range": {
                "lineBegin": 25,
                "columnBegin": 2,
                "lineEnd": 25,
                "columnEnd": 7
              },
              "text": { "key": "" }
            }
          }
        }
      },
      "file": {
        "key": {
          "file": { "key": "glean/lang/go/tests/cases/xrefs/leaphash.go" },
          "language": 16
        }
      },
      "range": {
        "key": {
          "range": {
            "lineBegin": 36,
            "columnBegin": 24,
            "lineEnd": 36,
            "columnEnd": 29
          },
          "text": { "key": "" }
        }
      }
    }
  },
  {
    "key": {
      "target": {
        "key": {
          "file": {
            "key": {
              "file": { "key": "glean/lang/go/tests/cases/xrefs/leaphash.go" },
              "language": 16
            }
          },
          "range": {
            "key": {
              "range": {
                "lineBegin": 25,
                "columnBegin": 2,
                "lineEnd": 25,
                "columnEnd": 7
              },
              "text": { "key": "" }
            }
          }
        }
      },
      "file": {
        "key": {
          "file": { "key": "glean/lang/go/tests/cases/xrefs/leaphash.go" },
          "language": 16
        }
      },
      "range": {
        "key": {
          "range": {
            "lineBegin": 36,
            "columnBegin": 61,
            "lineEnd": 36,
            "columnEnd": 66
          },
          "text": { "key": "" }
        }
      }
    }
  },
  {
    "key": {
      "target": {
        "key": {
          "file": {
            "key": {
              "file": { "key": "glean/lang/go/tests/cases/xrefs/leaphash.go" },
              "language": 16
            }
          },
          "range": {
            "key": {
              "range": {
                "lineBegin": 25,
                "columnBegin": 2,
                "lineEnd": 25,
                "columnEnd": 7
              },
              "text": { "key": "" }
            }
          }
        }
      },
      "file": {
        "key": {
          "file": { "key": "glean/lang/go/tests/cases/xrefs/leaphash.go" },
          "language": 16
        }
      },
      "range": {
        "key": {
          "range": {
            "lineBegin": 39,
            "columnBegin": 42,
            "lineEnd": 39,
            "columnEnd": 47
          },
          "text": { "key": "" }
        }
      }
    }
  },
  {
    "key": {
      "target": {
        "key": {
          "file": {
            "key": {
              "file": { "key": "glean/lang/go/tests/cases/xrefs/leaphash.go" },
              "language": 16
            }
          },
          "range": {
            "key": {
              "range": {
                "lineBegin": 25,
                "columnBegin": 2,
                "lineEnd": 25,
                "columnEnd": 7
              },
              "text": { "key": "" }
            }
          }
        }
      },
      "file": {
        "key": {
          "file": { "key": "glean/lang/go/tests/cases/xrefs/leaphash.go" },
          "language": 16
        }
      },
      "range": {
        "key": {
          "range": {
            "lineBegin": 39,
            "columnBegin": 57,
            "lineEnd": 39,
            "columnEnd": 62
          },
          "text": { "key": "" }
        }
      }
    }
  },
  {
    "key": {
      "target": {
        "key": {
          "file": {
            "key": {
              "file": { "key": "glean/lang/go/tests/cases/xrefs/leaphash.go" },
              "language": 16
            }
          },
          "range": {
            "key": {
              "range": {
                "lineBegin": 25,
                "columnBegin": 2,
                "lineEnd": 25,
                "columnEnd": 7
              },
              "text": { "key": "" }
            }
          }
        }
      },
      "file": {
        "key": {
          "file": { "key": "glean/lang/go/tests/cases/xrefs/leaphash.go" },
          "language": 16
        }
      },
      "range": {
        "key": {
          "range": {
            "lineBegin": 40,
            "columnBegin": 31,
            "lineEnd": 40,
            "columnEnd": 36
          },
          "text": { "key": "" }
        }
      }
    }
  },
  {
    "key": {
      "target": {
        "key": {
          "file": {
            "key": {
              "file": { "key": "glean/lang/go/tests/cases/xrefs/leaphash.go" },
              "language": 16
            }
          },
          "range": {
            "key": {
              "range": {
                "lineBegin": 25,
                "columnBegin": 2,
                "lineEnd": 25,
                "columnEnd": 7
              },
              "text": { "key": "" }
            }
          }
        }
      },
      "file": {
        "key": {
          "file": { "key": "glean/lang/go/tests/cases/xrefs/leaphash.go" },
          "language": 16
        }
      },
      "range": {
        "key": {
          "range": {
            "lineBegin": 44,
            "columnBegin": 12,
            "lineEnd": 44,
            "columnEnd": 17
          },
          "text": { "key": "" }
        }
      }
    }
  },
  {
    "key": {
      "target": {
        "key": {
          "file": {
            "key": {
              "file": { "key": "glean/lang/go/tests/cases/xrefs/leaphash.go" },
              "language": 16
            }
          },
          "range": {
            "key": {
              "range": {
                "lineBegin": 27,
                "columnBegin": 6,
                "lineEnd": 27,
                "columnEnd": 14
              },
              "text": { "key": "" }
            }
          }
        }
      },
      "file": {
        "key": {
          "file": { "key": "glean/lang/go/tests/cases/xrefs/leaphash.go" },
          "language": 16
        }
      },
      "range": {
        "key": {
          "range": {
            "lineBegin": 39,
            "columnBegin": 4,
            "lineEnd": 39,
            "columnEnd": 12
          },
          "text": { "key": "" }
        }
      }
    }
  },
  {
    "key": {
      "target": {
        "key": {
          "file": {
            "key": {
              "file": { "key": "glean/lang/go/tests/cases/xrefs/leaphash.go" },
              "language": 16
            }
          },
          "range": {
            "key": {
              "range": {
                "lineBegin": 27,
                "columnBegin": 6,
                "lineEnd": 27,
                "columnEnd": 14
              },
              "text": { "key": "" }
            }
          }
        }
      },
      "file": {
        "key": {
          "file": { "key": "glean/lang/go/tests/cases/xrefs/leaphash.go" },
          "language": 16
        }
      },
      "range": {
        "key": {
          "range": {
            "lineBegin": 51,
            "columnBegin": 4,
            "lineEnd": 51,
            "columnEnd": 12
          },
          "text": { "key": "" }
        }
      }
    }
  },
  {
    "key": {
      "target": {
        "key": {
          "file": {
            "key": {
              "file": { "key": "glean/lang/go/tests/cases/xrefs/leaphash.go" },
              "language": 16
            }
          },
          "range": {
            "key": {
              "range": {
                "lineBegin": 27,
                "columnBegin": 6,
                "lineEnd": 27,
                "columnEnd": 14
              },
              "text": { "key": "" }
            }
          }
        }
      },
      "file": {
        "key": {
          "file": { "key": "glean/lang/go/tests/cases/xrefs/leaphash.go" },
          "language": 16
        }
      },
      "range": {
        "key": {
          "range": {
            "lineBegin": 56,
            "columnBegin": 44,
            "lineEnd": 56,
            "columnEnd": 52
          },
          "text": { "key": "" }
        }
      }
    }
  },
  {
    "key": {
      "target": {
        "key": {
          "file": {
            "key": {
              "file": { "key": "glean/lang/go/tests/cases/xrefs/leaphash.go" },
              "language": 16
            }
          },
          "range": {
            "key": {
              "range": {
                "lineBegin": 28,
                "columnBegin": 2,
                "lineEnd": 28,
                "columnEnd": 14
              },
              "text": { "key": "" }
            }
          }
        }
      },
      "file": {
        "key": {
          "file": { "key": "glean/lang/go/tests/cases/xrefs/leaphash.go" },
          "language": 16
        }
      },
      "range": {
        "key": {
          "range": {
            "lineBegin": 39,
            "columnBegin": 28,
            "lineEnd": 39,
            "columnEnd": 40
          },
          "text": { "key": "" }
        }
      }
    }
  },
  {
    "key": {
      "target": {
        "key": {
          "file": {
            "key": {
              "file": { "key": "glean/lang/go/tests/cases/xrefs/leaphash.go" },
              "language": 16
            }
          },
          "range": {
            "key": {
              "range": {
                "lineBegin": 28,
                "columnBegin": 2,
                "lineEnd": 28,
                "columnEnd": 14
              },
              "text": { "key": "" }
            }
          }
        }
      },
      "file": {
        "key": {
          "file": { "key": "glean/lang/go/tests/cases/xrefs/leaphash.go" },
          "language": 16
        }
      },
      "range": {
        "key": {
          "range": {
            "lineBegin": 51,
            "columnBegin": 28,
            "lineEnd": 51,
            "columnEnd": 40
          },
          "text": { "key": "" }
        }
      }
    }
  },
  {
    "key": {
      "target": {
        "key": {
          "file": {
            "key": {
              "file": { "key": "glean/lang/go/tests/cases/xrefs/leaphash.go" },
              "language": 16
            }
          },
          "range": {
            "key": {
              "range": {
                "lineBegin": 28,
                "columnBegin": 23,
                "lineEnd": 28,
                "columnEnd": 24
              },
              "text": { "key": "" }
            }
          }
        }
      },
      "file": {
        "key": {
          "file": { "key": "glean/lang/go/tests/cases/xrefs/leaphash.go" },
          "language": 16
        }
      },
      "range": {
        "key": {
          "range": {
            "lineBegin": 29,
            "columnBegin": 6,
            "lineEnd": 29,
            "columnEnd": 7
          },
          "text": { "key": "" }
        }
      }
    }
  },
  {
    "key": {
      "target": {
        "key": {
          "file": {
            "key": {
              "file": { "key": "glean/lang/go/tests/cases/xrefs/leaphash.go" },
              "language": 16
            }
          },
          "range": {
            "key": {
              "range": {
                "lineBegin": 28,
                "columnBegin": 23,
                "lineEnd": 28,
                "columnEnd": 24
              },
              "text": { "key": "" }
            }
          }
        }
      },
      "file": {
        "key": {
          "file": { "key": "glean/lang/go/tests/cases/xrefs/leaphash.go" },
          "language": 16
        }
      },
      "range": {
        "key": {
          "range": {
            "lineBegin": 29,
            "columnBegin": 18,
            "lineEnd": 29,
            "columnEnd": 19
          },
          "text": { "key": "" }
        }
      }
    }
  },
  {
    "key": {
      "target": {
        "key": {
          "file": {
            "key": {
              "file": { "key": "glean/lang/go/tests/cases/xrefs/leaphash.go" },
              "language": 16
            }
          },
          "range": {
            "key": {
              "range": {
                "lineBegin": 28,
                "columnBegin": 23,
                "lineEnd": 28,
                "columnEnd": 24
              },
              "text": { "key": "" }
            }
          }
        }
      },
      "file": {
        "key": {
          "file": { "key": "glean/lang/go/tests/cases/xrefs/leaphash.go" },
          "language": 16
        }
      },
      "range": {
        "key": {
          "range": {
            "lineBegin": 32,
            "columnBegin": 10,
            "lineEnd": 32,
            "columnEnd": 11
          },
          "text": { "key": "" }
        }
      }
    }
  },
  {
    "key": {
      "target": {
        "key": {
          "file": {
            "key": {
              "file": { "key": "glean/lang/go/tests/cases/xrefs/leaphash.go" },
              "language": 16
            }
          },
          "range": {
            "key": {
              "range": {
                "lineBegin": 35,
                "columnBegin": 6,
                "lineEnd": 35,
                "columnEnd": 7
              },
              "text": { "key": "" }
            }
          }
        }
      },
      "file": {
        "key": {
          "file": { "key": "glean/lang/go/tests/cases/xrefs/leaphash.go" },
          "language": 16
        }
      },
      "range": {
        "key": {
          "range": {
            "lineBegin": 35,
            "columnBegin": 14,
            "lineEnd": 35,
            "columnEnd": 15
          },
          "text": { "key": "" }
        }
      }
    }
  },
  {
    "key": {
      "target": {
        "key": {
          "file": {
            "key": {
              "file": { "key": "glean/lang/go/tests/cases/xrefs/leaphash.go" },
              "language": 16
            }
          },
          "range": {
            "key": {
              "range": {
                "lineBegin": 35,
                "columnBegin": 6,
                "lineEnd": 35,
                "columnEnd": 7
              },
              "text": { "key": "" }
            }
          }
        }
      },
      "file": {
        "key": {
          "file": { "key": "glean/lang/go/tests/cases/xrefs/leaphash.go" },
          "language": 16
        }
      },
      "range": {
        "key": {
          "range": {
            "lineBegin": 35,
            "columnBegin": 30,
            "lineEnd": 35,
            "columnEnd": 31
          },
          "text": { "key": "" }
        }
      }
    }
  },
  {
    "key": {
      "target": {
        "key": {
          "file": {
            "key": {
              "file": { "key": "glean/lang/go/tests/cases/xrefs/leaphash.go" },
              "language": 16
            }
          },
          "range": {
            "key": {
              "range": {
                "lineBegin": 35,
                "columnBegin": 6,
                "lineEnd": 35,
                "columnEnd": 7
              },
              "text": { "key": "" }
            }
          }
        }
      },
      "file": {
        "key": {
          "file": { "key": "glean/lang/go/tests/cases/xrefs/leaphash.go" },
          "language": 16
        }
      },
      "range": {
        "key": {
          "range": {
            "lineBegin": 36,
            "columnBegin": 30,
            "lineEnd": 36,
            "columnEnd": 31
          },
          "text": { "key": "" }
        }
      }
    }
  },
  {
    "key": {
      "target": {
        "key": {
          "file": {
            "key": {
              "file": { "key": "glean/lang/go/tests/cases/xrefs/leaphash.go" },
              "language": 16
            }
          },
          "range": {
            "key": {
              "range": {
                "lineBegin": 35,
                "columnBegin": 6,
                "lineEnd": 35,
                "columnEnd": 7
              },
              "text": { "key": "" }
            }
          }
        }
      },
      "file": {
        "key": {
          "file": { "key": "glean/lang/go/tests/cases/xrefs/leaphash.go" },
          "language": 16
        }
      },
      "range": {
        "key": {
          "range": {
            "lineBegin": 36,
            "columnBegin": 67,
            "lineEnd": 36,
            "columnEnd": 68
          },
          "text": { "key": "" }
        }
      }
    }
  },
  {
    "key": {
      "target": {
        "key": {
          "file": {
            "key": {
              "file": { "key": "glean/lang/go/tests/cases/xrefs/leaphash.go" },
              "language": 16
            }
          },
          "range": {
            "key": {
              "range": {
                "lineBegin": 35,
                "columnBegin": 6,
                "lineEnd": 35,
                "columnEnd": 7
              },
              "text": { "key": "" }
            }
          }
        }
      },
      "file": {
        "key": {
          "file": { "key": "glean/lang/go/tests/cases/xrefs/leaphash.go" },
          "language": 16
        }
      },
      "range": {
        "key": {
          "range": {
            "lineBegin": 39,
            "columnBegin": 48,
            "lineEnd": 39,
            "columnEnd": 49
          },
          "text": { "key": "" }
        }
      }
    }
  },
  {
    "key": {
      "target": {
        "key": {
          "file": {
            "key": {
              "file": { "key": "glean/lang/go/tests/cases/xrefs/leaphash.go" },
              "language": 16
            }
          },
          "range": {
            "key": {
              "range": {
                "lineBegin": 35,
                "columnBegin": 6,
                "lineEnd": 35,
                "columnEnd": 7
              },
              "text": { "key": "" }
            }
          }
        }
      },
      "file": {
        "key": {
          "file": { "key": "glean/lang/go/tests/cases/xrefs/leaphash.go" },
          "language": 16
        }
      },
      "range": {
        "key": {
          "range": {
            "lineBegin": 39,
            "columnBegin": 63,
            "lineEnd": 39,
            "columnEnd": 64
          },
          "text": { "key": "" }
        }
      }
    }
  },
  {
    "key": {
      "target": {
        "key": {
          "file": {
            "key": {
              "file": { "key": "glean/lang/go/tests/cases/xrefs/leaphash.go" },
              "language": 16
            }
          },
          "range": {
            "key": {
              "range": {
                "lineBegin": 35,
                "columnBegin": 6,
                "lineEnd": 35,
                "columnEnd": 7
              },
              "text": { "key": "" }
            }
          }
        }
      },
      "file": {
        "key": {
          "file": { "key": "glean/lang/go/tests/cases/xrefs/leaphash.go" },
          "language": 16
        }
      },
      "range": {
        "key": {
          "range": {
            "lineBegin": 40,
            "columnBegin": 37,
            "lineEnd": 40,
            "columnEnd": 38
          },
          "text": { "key": "" }
        }
      }
    }
  },
  {
    "key": {
      "target": {
        "key": {
          "file": {
            "key": {
              "file": { "key": "glean/lang/go/tests/cases/xrefs/leaphash.go" },
              "language": 16
            }
          },
          "range": {
            "key": {
              "range": {
                "lineBegin": 35,
                "columnBegin": 6,
                "lineEnd": 35,
                "columnEnd": 7
              },
              "text": { "key": "" }
            }
          }
        }
      },
      "file": {
        "key": {
          "file": { "key": "glean/lang/go/tests/cases/xrefs/leaphash.go" },
          "language": 16
        }
      },
      "range": {
        "key": {
          "range": {
            "lineBegin": 44,
            "columnBegin": 18,
            "lineEnd": 44,
            "columnEnd": 19
          },
          "text": { "key": "" }
        }
      }
    }
  },
  {
    "key": {
      "target": {
        "key": {
          "file": {
            "key": {
              "file": { "key": "glean/lang/go/tests/cases/xrefs/leaphash.go" },
              "language": 16
            }
          },
          "range": {
            "key": {
              "range": {
                "lineBegin": 44,
                "columnBegin": 4,
                "lineEnd": 44,
                "columnEnd": 8
              },
              "text": { "key": "" }
            }
          }
        }
      },
      "file": {
        "key": {
          "file": { "key": "glean/lang/go/tests/cases/xrefs/leaphash.go" },
          "language": 16
        }
      },
      "range": {
        "key": {
          "range": {
            "lineBegin": 46,
            "columnBegin": 32,
            "lineEnd": 46,
            "columnEnd": 36
          },
          "text": { "key": "" }
        }
      }
    }
  },
  {
    "key": {
      "target": {
        "key": {
          "file": {
            "key": {
              "file": { "key": "glean/lang/go/tests/cases/xrefs/leaphash.go" },
              "language": 16
            }
          },
          "range": {
            "key": {
              "range": {
                "lineBegin": 44,
                "columnBegin": 4,
                "lineEnd": 44,
                "columnEnd": 8
              },
              "text": { "key": "" }
            }
          }
        }
      },
      "file": {
        "key": {
          "file": { "key": "glean/lang/go/tests/cases/xrefs/leaphash.go" },
          "language": 16
        }
      },
      "range": {
        "key": {
          "range": {
            "lineBegin": 48,
            "columnBegin": 5,
            "lineEnd": 48,
            "columnEnd": 9
          },
          "text": { "key": "" }
        }
      }
    }
  },
  {
    "key": {
      "target": {
        "key": {
          "file": {
            "key": {
              "file": { "key": "glean/lang/go/tests/cases/xrefs/leaphash.go" },
              "language": 16
            }
          },
          "range": {
            "key": {
              "range": {
                "lineBegin": 44,
                "columnBegin": 4,
                "lineEnd": 44,
                "columnEnd": 8
              },
              "text": { "key": "" }
            }
          }
        }
      },
      "file": {
        "key": {
          "file": { "key": "glean/lang/go/tests/cases/xrefs/leaphash.go" },
          "language": 16
        }
      },
      "range": {
        "key": {
          "range": {
            "lineBegin": 48,
            "columnBegin": 12,
            "lineEnd": 48,
            "columnEnd": 16
          },
          "text": { "key": "" }
        }
      }
    }
  },
  {
    "key": {
      "target": {
        "key": {
          "file": {
            "key": {
              "file": { "key": "glean/lang/go/tests/cases/xrefs/leaphash.go" },
              "language": 16
            }
          },
          "range": {
            "key": {
              "range": {
                "lineBegin": 44,
                "columnBegin": 4,
                "lineEnd": 44,
                "columnEnd": 8
              },
              "text": { "key": "" }
            }
          }
        }
      },
      "file": {
        "key": {
          "file": { "key": "glean/lang/go/tests/cases/xrefs/leaphash.go" },
          "language": 16
        }
      },
      "range": {
        "key": {
          "range": {
            "lineBegin": 51,
            "columnBegin": 42,
            "lineEnd": 51,
            "columnEnd": 46
          },
          "text": { "key": "" }
        }
      }
    }
  },
  {
    "key": {
      "target": {
        "key": {
          "file": {
            "key": {
              "file": { "key": "glean/lang/go/tests/cases/xrefs/leaphash.go" },
              "language": 16
            }
          },
          "range": {
            "key": {
              "range": {
                "lineBegin": 46,
                "columnBegin": 4,
                "lineEnd": 46,
                "columnEnd": 14
              },
              "text": { "key": "" }
            }
          }
        }
      },
      "file": {
        "key": {
          "file": { "key": "glean/lang/go/tests/cases/xrefs/leaphash.go" },
          "language": 16
        }
      },
      "range": {
        "key": {
          "range": {
            "lineBegin": 47,
            "columnBegin": 7,
            "lineEnd": 47,
            "columnEnd": 17
          },
          "text": { "key": "" }
        }
      }
    }
  },
  {
    "key": {
      "target": {
        "key": {
          "file": {
            "key": {
              "file": { "key": "glean/lang/go/tests/cases/xrefs/leaphash.go" },
              "language": 16
            }
          },
          "range": {
            "key": {
              "range": {
                "lineBegin": 46,
                "columnBegin": 4,
                "lineEnd": 46,
                "columnEnd": 14
              },
              "text": { "key": "" }
            }
          }
        }
      },
      "file": {
        "key": {
          "file": { "key": "glean/lang/go/tests/cases/xrefs/leaphash.go" },
          "language": 16
        }
      },
      "range": {
        "key": {
          "range": {
            "lineBegin": 48,
            "columnBegin": 21,
            "lineEnd": 48,
            "columnEnd": 31
          },
          "text": { "key": "" }
        }
      }
    }
  },
  {
    "key": {
      "target": {
        "key": {
          "file": {
            "key": {
              "file": { "key": "glean/lang/go/tests/cases/xrefs/leaphash.go" },
              "language": 16
            }
          },
          "range": {
            "key": {
              "range": {
                "lineBegin": 56,
                "columnBegin": 2,
                "lineEnd": 56,
                "columnEnd": 6
              },
              "text": { "key": "" }
            }
          }
        }
      },
      "file": {
        "key": {
          "file": { "key": "glean/lang/go/tests/cases/xrefs/leaphash.go" },
          "language": 16
        }
      },
      "range": {
        "key": {
          "range": {
            "lineBegin": 64,
            "columnBegin": 18,
            "lineEnd": 64,
            "columnEnd": 22
          },
          "text": { "key": "" }
        }
      }
    }
  },
  {
    "key": {
      "target": {
        "key": {
          "file": {
            "key": {
              "file": { "key": "glean/lang/go/tests/cases/xrefs/leaphash.go" },
              "language": 16
            }
          },
          "range": {
            "key": {
              "range": {
                "lineBegin": 58,
                "columnBegin": 6,
                "lineEnd": 58,
                "columnEnd": 17
              },
              "text": { "key": "" }
            }
          }
        }
      },
      "file": {
        "key": {
          "file": { "key": "glean/lang/go/tests/cases/xrefs/leaphash.go" },
          "language": 16
        }
      },
      "range": {
        "key": {
          "range": {
            "lineBegin": 61,
            "columnBegin": 6,
            "lineEnd": 61,
            "columnEnd": 17
          },
          "text": { "key": "" }
        }
      }
    }
  },
  {
    "key": {
      "target": {
        "key": {
          "file": {
            "key": {
              "file": { "key": "glean/lang/go/tests/cases/xrefs/leaphash.go" },
              "language": 16
            }
          },
          "range": {
            "key": {
              "range": {
                "lineBegin": 58,
                "columnBegin": 6,
                "lineEnd": 58,
                "columnEnd": 17
              },
              "text": { "key": "" }
            }
          }
        }
      },
      "file": {
        "key": {
          "file": { "key": "glean/lang/go/tests/cases/xrefs/leaphash.go" },
          "language": 16
        }
      },
      "range": {
        "key": {
          "range": {
            "lineBegin": 62,
            "columnBegin": 4,
            "lineEnd": 62,
            "columnEnd": 15
          },
          "text": { "key": "" }
        }
      }
    }
  },
  {
    "key": {
      "target": {
        "key": {
          "file": {
            "key": {
              "file": { "key": "glean/lang/go/tests/cases/xrefs/leaphash.go" },
              "language": 16
            }
          },
          "range": {
            "key": {
              "range": {
                "lineBegin": 58,
                "columnBegin": 6,
                "lineEnd": 58,
                "columnEnd": 17
              },
              "text": { "key": "" }
            }
          }
        }
      },
      "file": {
        "key": {
          "file": { "key": "glean/lang/go/tests/cases/xrefs/leaphash.go" },
          "language": 16
        }
      },
      "range": {
        "key": {
          "range": {
            "lineBegin": 64,
            "columnBegin": 3,
            "lineEnd": 64,
            "columnEnd": 14
          },
          "text": { "key": "" }
        }
      }
    }
  },
  {
    "key": {
      "target": {
        "key": {
          "file": {
            "key": {
              "file": { "key": "glean/lang/go/tests/cases/xrefs/leaphash.go" },
              "language": 16
            }
          },
          "range": {
            "key": {
              "range": {
                "lineBegin": 58,
                "columnBegin": 6,
                "lineEnd": 58,
                "columnEnd": 17
              },
              "text": { "key": "" }
            }
          }
        }
      },
      "file": {
        "key": {
          "file": { "key": "glean/lang/go/tests/cases/xrefs/leaphash.go" },
          "language": 16
        }
      },
      "range": {
        "key": {
          "range": {
            "lineBegin": 67,
            "columnBegin": 9,
            "lineEnd": 67,
            "columnEnd": 20
          },
          "text": { "key": "" }
        }
      }
    }
  },
  {
    "key": {
      "target": {
        "key": {
          "file": {
            "key": {
              "file": { "key": "glean/lang/go/tests/cases/xrefs/leaphash.go" },
              "language": 16
            }
          },
          "range": {
            "key": {
              "range": {
                "lineBegin": 60,
                "columnBegin": 6,
                "lineEnd": 60,
                "columnEnd": 7
              },
              "text": { "key": "" }
            }
          }
        }
      },
      "file": {
        "key": {
          "file": { "key": "glean/lang/go/tests/cases/xrefs/leaphash.go" },
          "language": 16
        }
      },
      "range": {
        "key": {
          "range": {
            "lineBegin": 60,
            "columnBegin": 14,
            "lineEnd": 60,
            "columnEnd": 15
          },
          "text": { "key": "" }
        }
      }
    }
  },
  {
    "key": {
      "target": {
        "key": {
          "file": {
            "key": {
              "file": { "key": "glean/lang/go/tests/cases/xrefs/leaphash.go" },
              "language": 16
            }
          },
          "range": {
            "key": {
              "range": {
                "lineBegin": 60,
                "columnBegin": 6,
                "lineEnd": 60,
                "columnEnd": 7
              },
              "text": { "key": "" }
            }
          }
        }
      },
      "file": {
        "key": {
          "file": { "key": "glean/lang/go/tests/cases/xrefs/leaphash.go" },
          "language": 16
        }
      },
      "range": {
        "key": {
          "range": {
            "lineBegin": 60,
            "columnBegin": 21,
            "lineEnd": 60,
            "columnEnd": 22
          },
          "text": { "key": "" }
        }
      }
    }
  },
  {
    "key": {
      "target": {
        "key": {
          "file": {
            "key": {
              "file": { "key": "glean/lang/go/tests/cases/xrefs/leaphash.go" },
              "language": 16
            }
          },
          "range": {
            "key": {
              "range": {
                "lineBegin": 60,
                "columnBegin": 6,
                "lineEnd": 60,
                "columnEnd": 7
              },
              "text": { "key": "" }
            }
          }
        }
      },
      "file": {
        "key": {
          "file": { "key": "glean/lang/go/tests/cases/xrefs/leaphash.go" },
          "language": 16
        }
      },
      "range": {
        "key": {
          "range": {
            "lineBegin": 64,
            "columnBegin": 23,
            "lineEnd": 64,
            "columnEnd": 24
          },
          "text": { "key": "" }
        }
      }
    }
  },
  {
    "key": {
      "target": {
        "key": {
          "file": {
            "key": {
              "file": { "key": "glean/lang/go/tests/cases/xrefs/leaphash.go" },
              "language": 16
            }
          },
          "range": {
            "key": {
              "range": {
                "lineBegin": 60,
                "columnBegin": 6,
                "lineEnd": 60,
                "columnEnd": 7
              },
              "text": { "key": "" }
            }
          }
        }
      },
      "file": {
        "key": {
          "file": { "key": "glean/lang/go/tests/cases/xrefs/leaphash.go" },
          "language": 16
        }
      },
      "range": {
        "key": {
          "range": {
            "lineBegin": 64,
            "columnBegin": 30,
            "lineEnd": 64,
            "columnEnd": 31
          },
          "text": { "key": "" }
        }
      }
    }
  }
]