[
  "@generated",
  {
    "key": {
      "sources": [
        {
          "function_": {
            "key": {
              "name": {
                "key": {
                  "name": { "key": { "name": { "key": "call" } } },
                  "scope": { "global_": { } }
                }
              },
              "signature": {
                "key": {
                  "parameters": [
                    { "name": { "key": "s" }, "type": { "key": "J *" } }
                  ],
                  "returns": { "key": "void" }
                }
              },
              "source": {
                "columnBegin": 1,
                "columnEnd": 1,
                "file": { "key": "test.m" },
                "lineBegin": 16,
                "lineEnd": 19
              }
            }
          }
        }
      ],
      "target": {
        "objcContainer": {
          "key": {
            "id": { "interface_": { "key": "J" } },
            "source": {
              "columnBegin": 1,
              "columnEnd": 4,
              "file": { "key": "test.m" },
              "lineBegin": 9,
              "lineEnd": 11
            }
          }
        }
      }
    }
  },
  {
    "key": {
      "sources": [
        {
          "function_": {
            "key": {
              "name": {
                "key": {
                  "name": { "key": { "name": { "key": "call" } } },
                  "scope": { "global_": { } }
                }
              },
              "signature": {
                "key": {
                  "parameters": [
                    { "name": { "key": "s" }, "type": { "key": "J *" } }
                  ],
                  "returns": { "key": "void" }
                }
              },
              "source": {
                "columnBegin": 1,
                "columnEnd": 1,
                "file": { "key": "test.m" },
                "lineBegin": 16,
                "lineEnd": 19
              }
            }
          }
        }
      ],
      "target": {
        "objcContainer": {
          "key": {
            "id": { "protocol": { "key": "Foo" } },
            "source": {
              "columnBegin": 1,
              "columnEnd": 4,
              "file": { "key": "test.m" },
              "lineBegin": 13,
              "lineEnd": 14
            }
          }
        }
      }
    }
  },
  {
    "key": {
      "sources": [
        {
          "function_": {
            "key": {
              "name": {
                "key": {
                  "name": { "key": { "name": { "key": "call" } } },
                  "scope": { "global_": { } }
                }
              },
              "signature": {
                "key": {
                  "parameters": [
                    { "name": { "key": "s" }, "type": { "key": "J *" } }
                  ],
                  "returns": { "key": "void" }
                }
              },
              "source": {
                "columnBegin": 1,
                "columnEnd": 1,
                "file": { "key": "test.m" },
                "lineBegin": 16,
                "lineEnd": 19
              }
            }
          }
        }
      ],
      "target": {
        "objcMethod": {
          "key": {
            "container": { "interface_": { "key": "J" } },
            "isAccessor": false,
            "isInstance": true,
            "isOptional": false,
            "locations": [
              {
                "file": { "key": "test.m" },
                "span": { "length": 13, "start": 242 }
              }
            ],
            "selector": { "key": [ "checkProtocol" ] },
            "signature": {
              "key": {
                "parameters": [
                  { "name": { "key": "f" }, "type": { "key": "Protocol *" } }
                ],
                "returns": { "key": "void" }
              }
            },
            "source": {
              "columnBegin": 1,
              "columnEnd": 36,
              "file": { "key": "test.m" },
              "lineBegin": 10,
              "lineEnd": 10
            }
          }
        }
      }
    }
  },
  {
    "key": {
      "sources": [
        {
          "function_": {
            "key": {
              "name": {
                "key": {
                  "name": { "key": { "name": { "key": "call" } } },
                  "scope": { "global_": { } }
                }
              },
              "signature": {
                "key": {
                  "parameters": [
                    { "name": { "key": "s" }, "type": { "key": "J *" } }
                  ],
                  "returns": { "key": "void" }
                }
              },
              "source": {
                "columnBegin": 1,
                "columnEnd": 1,
                "file": { "key": "test.m" },
                "lineBegin": 16,
                "lineEnd": 19
              }
            }
          }
        }
      ],
      "target": {
        "variable": {
          "key": {
            "kind": { "local": { "attribute": 0, "kind": 2 } },
            "name": {
              "key": {
                "name": { "key": "s" },
                "scope": {
                  "local": {
                    "key": {
                      "name": { "key": { "name": { "key": "call" } } },
                      "scope": { "global_": { } }
                    }
                  }
                }
              }
            },
            "source": {
              "columnBegin": 11,
              "columnEnd": 14,
              "file": { "key": "test.m" },
              "lineBegin": 16,
              "lineEnd": 16
            },
            "type": { "key": "J *" }
          }
        }
      }
    }
  }
]