[
  "@generated",
  {
    "key": {
      "file": { "key": "test.mm" },
      "entity": {
        "cxx": {
          "decl": {
            "objcMethod": {
              "key": {
                "selector": { "key": [ "setInt", "setDouble" ] },
                "locations": [
                  {
                    "file": { "key": "test.mm" },
                    "span": { "start": 244, "length": 6 }
                  },
                  {
                    "file": { "key": "test.mm" },
                    "span": { "start": 258, "length": 9 }
                  }
                ],
                "container": { "protocol": { "key": "Foo" } },
                "signature": {
                  "key": {
                    "returns": { "key": "void" },
                    "parameters": [
                      { "name": { "key": "x" }, "type": { "key": "int" } },
                      { "name": { "key": "y" }, "type": { "key": "double" } }
                    ]
                  }
                },
                "isInstance": true,
                "isOptional": false,
                "isAccessor": false,
                "source": {
                  "file": { "key": "test.mm" },
                  "lineBegin": 11,
                  "columnBegin": 1,
                  "lineEnd": 11,
                  "columnEnd": 42
                }
              }
            }
          }
        }
      },
      "kind": 7
    }
  },
  {
    "key": {
      "file": { "key": "test.mm" },
      "entity": {
        "cxx": {
          "decl": {
            "variable": {
              "key": {
                "name": {
                  "key": {
                    "name": { "key": "foo" },
                    "scope": { "global_": { } }
                  }
                },
                "type": { "key": "id<Foo>" },
                "kind": { "ivar": { "synthesize": false } },
                "source": {
                  "file": { "key": "test.mm" },
                  "lineBegin": 20,
                  "columnBegin": 3,
                  "lineEnd": 20,
                  "columnEnd": 13
                }
              }
            }
          }
        }
      },
      "kind": 14
    }
  },
  {
    "key": {
      "file": { "key": "test.mm" },
      "entity": {
        "cxx": {
          "decl": {
            "variable": {
              "key": {
                "name": {
                  "key": {
                    "name": { "key": "foo" },
                    "scope": {
                      "local": {
                        "key": {
                          "name": { "key": { "name": { "key": "setFoo" } } },
                          "scope": { "global_": { } }
                        }
                      }
                    }
                  }
                },
                "type": { "key": "id<Foo>" },
                "kind": { "local": { "kind": 2, "attribute": 0 } },
                "source": {
                  "file": { "key": "test.mm" },
                  "lineBegin": 15,
                  "columnBegin": 13,
                  "lineEnd": 15,
                  "columnEnd": 23
                }
              }
            }
          }
        }
      },
      "kind": 14
    }
  }
]